[INFO] Scanning for projects...
[INFO] ------------------------------------------------------------------------
[INFO] Reactor Build Order:
[INFO] 
[INFO] AeroFleet                                                          [pom]
[INFO] AeroFleet MAVLink Core                                             [jar]
[INFO] AeroFleet Drone Simulator                                          [jar]
[INFO] AeroFleet Cloud Backend                                            [jar]
[INFO] 
[INFO] -------------------< io.aerofleet:aerofleet-parent >--------------------
[INFO] Building AeroFleet 0.1.0-SNAPSHOT                                  [1/4]
[INFO]   from pom.xml
[INFO] --------------------------------[ pom ]---------------------------------
[INFO] 
[INFO] ----------------< io.aerofleet:aerofleet-mavlink-core >-----------------
[INFO] Building AeroFleet MAVLink Core 0.1.0-SNAPSHOT                     [2/4]
[INFO]   from mavlink-core\pom.xml
[INFO] --------------------------------[ jar ]---------------------------------
[INFO] 
[INFO] --- resources:3.3.1:resources (default-resources) @ aerofleet-mavlink-core ---
[INFO] skip non existing resourceDirectory F:\Nexus\NexusSky\mavlink-core\src\main\resources
[INFO] 
[INFO] --- compiler:3.13.0:compile (default-compile) @ aerofleet-mavlink-core ---
[INFO] Nothing to compile - all classes are up to date.
[INFO] 
[INFO] --- resources:3.3.1:testResources (default-testResources) @ aerofleet-mavlink-core ---
[INFO] skip non existing resourceDirectory F:\Nexus\NexusSky\mavlink-core\src\test\resources
[INFO] 
[INFO] --- compiler:3.13.0:testCompile (default-testCompile) @ aerofleet-mavlink-core ---
[INFO] Nothing to compile - all classes are up to date.
[INFO] 
[INFO] --- surefire:3.5.2:test (default-test) @ aerofleet-mavlink-core ---
[INFO] Using auto detected provider org.apache.maven.surefire.junitplatform.JUnitPlatformProvider
[INFO] 
[INFO] -------------------------------------------------------
[INFO]  T E S T S
[INFO] -------------------------------------------------------
[INFO] Running io.aerofleet.mavlink.CameraMessagesTest
[INFO] Tests run: 8, Failures: 0, Errors: 0, Skipped: 0, Time elapsed: 0.172 s -- in io.aerofleet.mavlink.CameraMessagesTest
[INFO] Running io.aerofleet.mavlink.MavlinkCoreTest
[INFO] Tests run: 15, Failures: 0, Errors: 0, Skipped: 0, Time elapsed: 0.042 s -- in io.aerofleet.mavlink.MavlinkCoreTest
[INFO] Running io.aerofleet.mavlink.messages.AlarmAckMsgTest
[INFO] Tests run: 8, Failures: 0, Errors: 0, Skipped: 0, Time elapsed: 0.069 s -- in io.aerofleet.mavlink.messages.AlarmAckMsgTest
[INFO] Running io.aerofleet.mavlink.messages.AlarmTriggerMsgTest
[INFO] Tests run: 9, Failures: 0, Errors: 0, Skipped: 0, Time elapsed: 0.023 s -- in io.aerofleet.mavlink.messages.AlarmTriggerMsgTest
[INFO] Running io.aerofleet.mavlink.messages.CellHandoverMsgTest
[INFO] Tests run: 5, Failures: 0, Errors: 0, Skipped: 0, Time elapsed: 0.004 s -- in io.aerofleet.mavlink.messages.CellHandoverMsgTest
[INFO] Running io.aerofleet.mavlink.messages.CellTowerConfigMsgTest
[INFO] Tests run: 5, Failures: 0, Errors: 0, Skipped: 0, Time elapsed: 0.003 s -- in io.aerofleet.mavlink.messages.CellTowerConfigMsgTest
[INFO] Running io.aerofleet.mavlink.messages.CellTowerStatusMsgTest
[INFO] Tests run: 5, Failures: 0, Errors: 0, Skipped: 0, Time elapsed: 0.013 s -- in io.aerofleet.mavlink.messages.CellTowerStatusMsgTest
[INFO] Running io.aerofleet.mavlink.messages.CoverageOptimizationMsgTest
[INFO] Tests run: 6, Failures: 0, Errors: 0, Skipped: 0, Time elapsed: 0.018 s -- in io.aerofleet.mavlink.messages.CoverageOptimizationMsgTest
[INFO] Running io.aerofleet.mavlink.messages.EmergencyMissionPlanMsgTest
[INFO] Tests run: 5, Failures: 0, Errors: 0, Skipped: 0, Time elapsed: 0.017 s -- in io.aerofleet.mavlink.messages.EmergencyMissionPlanMsgTest
[INFO] Running io.aerofleet.mavlink.messages.EmergencyPriorityMsgTest
[INFO] Tests run: 8, Failures: 0, Errors: 0, Skipped: 0, Time elapsed: 0.011 s -- in io.aerofleet.mavlink.messages.EmergencyPriorityMsgTest
[INFO] Running io.aerofleet.mavlink.messages.EnvironmentMessageTest
[INFO] Tests run: 8, Failures: 0, Errors: 0, Skipped: 0, Time elapsed: 0.007 s -- in io.aerofleet.mavlink.messages.EnvironmentMessageTest
[INFO] Running io.aerofleet.mavlink.messages.GroundTerminalRegisterMsgTest
[INFO] Tests run: 5, Failures: 0, Errors: 0, Skipped: 0, Time elapsed: 0.006 s -- in io.aerofleet.mavlink.messages.GroundTerminalRegisterMsgTest
[INFO] Running io.aerofleet.mavlink.messages.HardwareMsgTest
[INFO] Tests run: 7, Failures: 0, Errors: 0, Skipped: 0, Time elapsed: 0.005 s -- in io.aerofleet.mavlink.messages.HardwareMsgTest
[INFO] Running io.aerofleet.mavlink.messages.HierarchicalRouteDecisionMsgTest
[INFO] Tests run: 8, Failures: 0, Errors: 0, Skipped: 0, Time elapsed: 0.025 s -- in io.aerofleet.mavlink.messages.HierarchicalRouteDecisionMsgTest
[INFO] Running io.aerofleet.mavlink.messages.LedControlMsgTest
[INFO] Tests run: 5, Failures: 0, Errors: 0, Skipped: 0, Time elapsed: 0.017 s -- in io.aerofleet.mavlink.messages.LedControlMsgTest
[INFO] Running io.aerofleet.mavlink.messages.MeshHeartbeatMsgTest
[INFO] Tests run: 5, Failures: 0, Errors: 0, Skipped: 0, Time elapsed: 0.011 s -- in io.aerofleet.mavlink.messages.MeshHeartbeatMsgTest
[INFO] Running io.aerofleet.mavlink.messages.MeshNeighborTableMsgTest
[INFO] Tests run: 6, Failures: 0, Errors: 0, Skipped: 0, Time elapsed: 0.005 s -- in io.aerofleet.mavlink.messages.MeshNeighborTableMsgTest
[INFO] Running io.aerofleet.mavlink.messages.MeshRouteErrorMsgTest
[INFO] Tests run: 5, Failures: 0, Errors: 0, Skipped: 0, Time elapsed: 0.002 s -- in io.aerofleet.mavlink.messages.MeshRouteErrorMsgTest
[INFO] Running io.aerofleet.mavlink.messages.MeshRouteReplyMsgTest
[INFO] Tests run: 5, Failures: 0, Errors: 0, Skipped: 0, Time elapsed: 0.010 s -- in io.aerofleet.mavlink.messages.MeshRouteReplyMsgTest
[INFO] Running io.aerofleet.mavlink.messages.MeshRouteRequestMsgTest
[INFO] Tests run: 6, Failures: 0, Errors: 0, Skipped: 0, Time elapsed: 0.003 s -- in io.aerofleet.mavlink.messages.MeshRouteRequestMsgTest
[INFO] Running io.aerofleet.mavlink.messages.PerceptionMsgTest
[INFO] Tests run: 19, Failures: 0, Errors: 0, Skipped: 0, Time elapsed: 0.011 s -- in io.aerofleet.mavlink.messages.PerceptionMsgTest
[INFO] Running io.aerofleet.mavlink.messages.SatLinkStatusMsgTest
[INFO] Tests run: 6, Failures: 0, Errors: 0, Skipped: 0, Time elapsed: 0.003 s -- in io.aerofleet.mavlink.messages.SatLinkStatusMsgTest
[INFO] Running io.aerofleet.mavlink.messages.SatPassScheduleMsgTest
[INFO] Tests run: 6, Failures: 0, Errors: 0, Skipped: 0, Time elapsed: 0.002 s -- in io.aerofleet.mavlink.messages.SatPassScheduleMsgTest
[INFO] Running io.aerofleet.mavlink.messages.SprayMessageTest
[INFO] Tests run: 19, Failures: 0, Errors: 0, Skipped: 0, Time elapsed: 0.010 s -- in io.aerofleet.mavlink.messages.SprayMessageTest
[INFO] Running io.aerofleet.mavlink.messages.SurveillanceStatusMsgTest
[INFO] Tests run: 9, Failures: 0, Errors: 0, Skipped: 0, Time elapsed: 0.011 s -- in io.aerofleet.mavlink.messages.SurveillanceStatusMsgTest
[INFO] Running io.aerofleet.mavlink.messages.TerrainMessageTest
[INFO] Tests run: 12, Failures: 0, Errors: 0, Skipped: 0, Time elapsed: 0.014 s -- in io.aerofleet.mavlink.messages.TerrainMessageTest
[INFO] Running io.aerofleet.mavlink.P2MessagesTest
[INFO] Tests run: 3, Failures: 0, Errors: 0, Skipped: 0, Time elapsed: 0.003 s -- in io.aerofleet.mavlink.P2MessagesTest
[INFO] Running io.aerofleet.mavlink.RadioStatusTest
[INFO] Tests run: 3, Failures: 0, Errors: 0, Skipped: 0, Time elapsed: 0.002 s -- in io.aerofleet.mavlink.RadioStatusTest
[INFO] 
[INFO] Results:
[INFO] 
[INFO] Tests run: 211, Failures: 0, Errors: 0, Skipped: 0
[INFO] 
[INFO] 
[INFO] ------------------< io.aerofleet:aerofleet-drone-sim >------------------
[INFO] Building AeroFleet Drone Simulator 0.1.0-SNAPSHOT                  [3/4]
[INFO]   from drone-sim\pom.xml
[INFO] --------------------------------[ jar ]---------------------------------
[INFO] 
[INFO] --- resources:3.3.1:resources (default-resources) @ aerofleet-drone-sim ---
[INFO] skip non existing resourceDirectory F:\Nexus\NexusSky\drone-sim\src\main\resources
[INFO] 
[INFO] --- compiler:3.13.0:compile (default-compile) @ aerofleet-drone-sim ---
[INFO] Nothing to compile - all classes are up to date.
[INFO] 
[INFO] --- resources:3.3.1:testResources (default-testResources) @ aerofleet-drone-sim ---
[INFO] skip non existing resourceDirectory F:\Nexus\NexusSky\drone-sim\src\test\resources
[INFO] 
[INFO] --- compiler:3.13.0:testCompile (default-testCompile) @ aerofleet-drone-sim ---
[INFO] Nothing to compile - all classes are up to date.
[INFO] 
[INFO] --- surefire:3.5.2:test (default-test) @ aerofleet-drone-sim ---
[INFO] Using auto detected provider org.apache.maven.surefire.junitplatform.JUnitPlatformProvider
[INFO] 
[INFO] -------------------------------------------------------
[INFO]  T E S T S
[INFO] -------------------------------------------------------
[INFO] Running io.aerofleet.sim.ActuatorTest
[INFO] Tests run: 5, Failures: 0, Errors: 0, Skipped: 0, Time elapsed: 0.162 s -- in io.aerofleet.sim.ActuatorTest
[INFO] Running io.aerofleet.sim.ai.AdaptivePathStrategyTest
[INFO] Running io.aerofleet.sim.ai.AdaptivePathStrategyTest$AdaptPathTest
[AdaptivePath] adaptPath: segments=10 windSpeed=0.0 battery=30.0 totalEnergy=10685.56
[AdaptivePath] adaptPath: segments=1 windSpeed=0.0 battery=80.0 totalEnergy=11119.49
[AdaptivePath] adaptPath: segments=10 windSpeed=5.0 battery=80.0 totalEnergy=24386.24
[AdaptivePath] adaptPath: segments=1 windSpeed=5.0 battery=80.0 totalEnergy=12085.50
[AdaptivePath] adaptPath: segments=10 windSpeed=5.0 battery=80.0 totalEnergy=24386.24
[INFO] Tests run: 8, Failures: 0, Errors: 0, Skipped: 0, Time elapsed: 0.118 s -- in io.aerofleet.sim.ai.AdaptivePathStrategyTest$AdaptPathTest
[INFO] Running io.aerofleet.sim.ai.AdaptivePathStrategyTest$SmoothPathWithDubinsTest
[INFO] Tests run: 11, Failures: 0, Errors: 0, Skipped: 0, Time elapsed: 0.010 s -- in io.aerofleet.sim.ai.AdaptivePathStrategyTest$SmoothPathWithDubinsTest
[INFO] Running io.aerofleet.sim.ai.AdaptivePathStrategyTest$EnergyOptimalSpeedTest
[INFO] Tests run: 10, Failures: 0, Errors: 0, Skipped: 0, Time elapsed: 0.006 s -- in io.aerofleet.sim.ai.AdaptivePathStrategyTest$EnergyOptimalSpeedTest
[INFO] Running io.aerofleet.sim.ai.AdaptivePathStrategyTest$WindCorrectedHeadingTest
[INFO] Tests run: 9, Failures: 0, Errors: 0, Skipped: 0, Time elapsed: 0.006 s -- in io.aerofleet.sim.ai.AdaptivePathStrategyTest$WindCorrectedHeadingTest
[INFO] Running io.aerofleet.sim.ai.AdaptivePathStrategyTest$EvaluateLegacyTest
[INFO] Tests run: 7, Failures: 0, Errors: 0, Skipped: 0, Time elapsed: 0.015 s -- in io.aerofleet.sim.ai.AdaptivePathStrategyTest$EvaluateLegacyTest
[INFO] Tests run: 0, Failures: 0, Errors: 0, Skipped: 0, Time elapsed: 0.160 s -- in io.aerofleet.sim.ai.AdaptivePathStrategyTest
[INFO] Running io.aerofleet.sim.ai.DecisionEngineTest
[ai] Decisions triggered: count=2 top=RTL tree=root→emergency=N→obstacle=N→CRUISE w=[rtl=3.0,avoid=1.0,adapt=1.0]
[ai] Decisions triggered: count=1 top=AVOID tree=root→emergency=N→obstacle=Y→AVOID w=[rtl=1.0,avoid=1.0,adapt=1.0]
[ai] Decisions triggered: count=2 top=RTL tree=root→emergency=N→obstacle=N→CRUISE w=[rtl=3.0,avoid=1.0,adapt=1.0]
[ai] Decisions triggered: count=2 top=RTL tree=root→emergency=N→obstacle=N→CRUISE w=[rtl=3.0,avoid=1.0,adapt=1.0]
[ai] Decisions triggered: count=3 top=RTL tree=root→emergency=N→obstacle=Y→AVOID w=[rtl=3.0,avoid=3.0,adapt=2.0]
[ai] Decisions triggered: count=1 top=ADAPT_PATH tree=root→emergency=N→obstacle=N→CRUISE w=[rtl=1.0,avoid=1.0,adapt=2.0]
[ai] Decisions triggered: count=1 top=AVOID tree=root→emergency=N→obstacle=Y→AVOID w=[rtl=1.0,avoid=1.0,adapt=1.0]
[ai] Decisions triggered: count=1 top=AVOID tree=root→emergency=N→obstacle=Y→AVOID w=[rtl=1.0,avoid=3.0,adapt=1.0]
[ai] Decisions triggered: count=1 top=RTL tree=root→emergency=Y→batteryCritical=N→AVOID_AND_DEGRADE w=[rtl=1.0,avoid=1.0,adapt=1.0]
[ai] Decisions triggered: count=3 top=RTL tree=root→emergency=Y→batteryCritical=Y→FORCE_RTL w=[rtl=3.0,avoid=3.0,adapt=2.0]
[ai] Decisions triggered: count=2 top=RTL tree=root→emergency=N→obstacle=N→CRUISE w=[rtl=3.0,avoid=1.0,adapt=1.0]
[ai] Decisions triggered: count=2 top=RTL tree=root→emergency=Y→batteryCritical=Y→FORCE_RTL w=[rtl=3.0,avoid=1.0,adapt=1.0]
[ai] Decisions triggered: count=1 top=AVOID tree=root→emergency=N→obstacle=Y→AVOID w=[rtl=1.0,avoid=1.0,adapt=1.0]
[ai] Decisions triggered: count=3 top=RTL tree=root→emergency=N→obstacle=Y→AVOID w=[rtl=3.0,avoid=1.0,adapt=1.0]
[INFO] Tests run: 17, Failures: 0, Errors: 0, Skipped: 0, Time elapsed: 0.166 s -- in io.aerofleet.sim.ai.DecisionEngineTest
[INFO] Running io.aerofleet.sim.ai.ObstacleAvoidanceStrategyTest
[INFO] Running io.aerofleet.sim.ai.ObstacleAvoidanceStrategyTest$PathCollidesTest
[INFO] Tests run: 3, Failures: 0, Errors: 0, Skipped: 0, Time elapsed: 0.014 s -- in io.aerofleet.sim.ai.ObstacleAvoidanceStrategyTest$PathCollidesTest
[INFO] Running io.aerofleet.sim.ai.ObstacleAvoidanceStrategyTest$AvoidWithPathTest
[ObstacleAvoidance] path planned: method=A* points=20 length=101.32m
[ObstacleAvoidance] path planned: method=A* points=20 length=113.24m
[PathPlanner] A*: start or goal blocked, no path
[ObstacleAvoidance] A* no path, falling back to RRT
[PathPlanner] RRT: did not reach goal, nearest dist=25.77463979579794
[ObstacleAvoidance] no path found by A* or RRT
[INFO] Tests run: 3, Failures: 0, Errors: 0, Skipped: 0, Time elapsed: 0.128 s -- in io.aerofleet.sim.ai.ObstacleAvoidanceStrategyTest$AvoidWithPathTest
[INFO] Running io.aerofleet.sim.ai.ObstacleAvoidanceStrategyTest$RrtTest
[INFO] Tests run: 4, Failures: 0, Errors: 0, Skipped: 0, Time elapsed: 0.006 s -- in io.aerofleet.sim.ai.ObstacleAvoidanceStrategyTest$RrtTest
[INFO] Running io.aerofleet.sim.ai.ObstacleAvoidanceStrategyTest$AStarTest
[PathPlanner] A*: start or goal blocked, no path
[INFO] Tests run: 5, Failures: 0, Errors: 0, Skipped: 0, Time elapsed: 0.008 s -- in io.aerofleet.sim.ai.ObstacleAvoidanceStrategyTest$AStarTest
[INFO] Running io.aerofleet.sim.ai.ObstacleAvoidanceStrategyTest$LegacyEvaluateTest
[INFO] Tests run: 7, Failures: 0, Errors: 0, Skipped: 0, Time elapsed: 0.003 s -- in io.aerofleet.sim.ai.ObstacleAvoidanceStrategyTest$LegacyEvaluateTest
[INFO] Tests run: 0, Failures: 0, Errors: 0, Skipped: 0, Time elapsed: 0.165 s -- in io.aerofleet.sim.ai.ObstacleAvoidanceStrategyTest
[INFO] Running io.aerofleet.sim.ai.ReturnToHomeStrategyTest
[INFO] Running io.aerofleet.sim.ai.ReturnToHomeStrategyTest$PlanReturnHomeTest
[RTL-Plan] start: battery=10.0 wind=0.0m/s dir=0.0 as=10.0
[RTL-Wind] direct=0.0 windDir=0.0 windSpd=0.0 as=10.0 -> heading=0.0 gs=10.00
[RTL-Path] direct (tailwind): dist=273.6m time=27.4s
[RTL-Glide] pure glide reachable: dist=111.2m descent=11.1m arrivalAlt=288.9 >= homeAlt=50.0
[RTL-Plan] done: useGlide=true reachable=true pathPoints=2 time=27.4s
[RTL-Plan] start: battery=10.0 wind=0.0m/s dir=0.0 as=10.0
[RTL-Wind] direct=90.0 windDir=0.0 windSpd=0.0 as=10.0 -> heading=90.0 gs=10.00
[RTL-Path] direct (shortest): dist=963.0m time=96.3s
[RTL-Glide] altitude deficit=86.3m, need additional power=12944.6J
[RTL-Plan] done: useGlide=false reachable=true pathPoints=2 time=96.3s
[RTL-Plan] start: battery=80.0 wind=0.0m/s dir=0.0 as=10.0
[RTL-Wind] direct=40.9 windDir=0.0 windSpd=0.0 as=10.0 -> heading=40.9 gs=10.00
[RTL-Path] direct (tailwind): dist=147.1m time=14.7s
[RTL-Terrain] segment 0 intersects obstacle at (30.0005,120.0005) alt=100.0 r=100.0 -> raise to 120.0
[RTL-Glide] altitude deficit=14.7m, need additional power=2206.5J
[RTL-Plan] done: useGlide=false reachable=true pathPoints=2 time=14.7s
[RTL-Plan] start: battery=80.0 wind=0.0m/s dir=0.0 as=10.0
[RTL-Wind] direct=40.9 windDir=0.0 windSpd=0.0 as=10.0 -> heading=40.9 gs=10.00
[RTL-Path] direct (tailwind): dist=148.5m time=14.8s
[RTL-Glide] pure glide reachable: dist=147.1m descent=14.7m arrivalAlt=85.3 >= homeAlt=80.0
[RTL-Plan] done: useGlide=false reachable=true pathPoints=2 time=14.8s
[INFO] Tests run: 4, Failures: 0, Errors: 0, Skipped: 0, Time elapsed: 0.072 s -- in io.aerofleet.sim.ai.ReturnToHomeStrategyTest$PlanReturnHomeTest
[INFO] Running io.aerofleet.sim.ai.ReturnToHomeStrategyTest$GlidePathTest
[RTL-Glide] pure glide reachable: dist=963.0m descent=32.1m arrivalAlt=67.9 >= homeAlt=50.0
[RTL-Glide] altitude deficit=46.3m, need additional power=6944.6J
[RTL-Glide] pure glide reachable: dist=963.0m descent=96.3m arrivalAlt=103.7 >= homeAlt=50.0
[RTL-Glide] pure glide reachable: dist=0.0m descent=0.0m arrivalAlt=100.0 >= homeAlt=50.0
[INFO] Tests run: 4, Failures: 0, Errors: 0, Skipped: 0, Time elapsed: 0.004 s -- in io.aerofleet.sim.ai.ReturnToHomeStrategyTest$GlidePathTest
[INFO] Running io.aerofleet.sim.ai.ReturnToHomeStrategyTest$AvoidTerrainTest
[RTL-Terrain] segment 0 intersects obstacle at (30.0005,120.0005) alt=100.0 r=100.0 -> raise to 120.0
[RTL-Terrain] no intersection, path unchanged
[INFO] Tests run: 4, Failures: 0, Errors: 0, Skipped: 0, Time elapsed: 0.003 s -- in io.aerofleet.sim.ai.ReturnToHomeStrategyTest$AvoidTerrainTest
[INFO] Running io.aerofleet.sim.ai.ReturnToHomeStrategyTest$OptimalReturnPathTest
[RTL-Wind] direct=0.0 windDir=0.0 windSpd=0.0 as=10.0 -> heading=0.0 gs=10.00
[RTL-Path] direct (tailwind): dist=11119.5m time=1112.0s
[RTL-Wind] direct=0.0 windDir=180.0 windSpd=5.0 as=10.0 -> heading=45.0 gs=6.46
[RTL-Path] direct (shortest): dist=227.9m time=35.3s
[RTL-Wind] direct=0.0 windDir=0.0 windSpd=0.0 as=10.0 -> heading=0.0 gs=10.00
[RTL-Path] direct (tailwind): dist=59.1m time=5.9s
[RTL-Wind] direct=62.7 windDir=220.9 windSpd=5.0 as=10.0 -> heading=107.7 gs=8.03
[RTL-Wind] direct=19.1 windDir=220.9 windSpd=5.0 as=10.0 -> heading=64.1 gs=5.40
[RTL-Path] zigzag (headwind + sufficient battery): points=3 time=49.1s
[RTL-Wind] direct=40.9 windDir=0.0 windSpd=0.0 as=10.0 -> heading=40.9 gs=10.00
[RTL-Path] direct (tailwind): dist=155.4m time=15.5s
[INFO] Tests run: 6, Failures: 0, Errors: 0, Skipped: 0, Time elapsed: 0.009 s -- in io.aerofleet.sim.ai.ReturnToHomeStrategyTest$OptimalReturnPathTest
[INFO] Running io.aerofleet.sim.ai.ReturnToHomeStrategyTest$WindAssistedHeadingTest
[RTL-Wind] windSpeed(15.0) >= airspeed(10.0) headwind, fly downwind: heading=180.0 gs=5.00
[RTL-Wind] direct=45.0 windDir=0.0 windSpd=0.0 as=12.0 -> heading=45.0 gs=12.00
[RTL-Wind] direct=0.0 windDir=90.0 windSpd=5.0 as=10.0 -> heading=330.0 gs=8.66
[RTL-Wind] direct=0.0 windDir=0.0 windSpd=15.0 as=10.0 -> heading=0.0 gs=25.00
[RTL-Wind] direct=0.0 windDir=180.0 windSpd=5.0 as=10.0 -> heading=45.0 gs=6.46
[RTL-Wind] direct=0.0 windDir=90.0 windSpd=15.0 as=10.0 -> heading=315.0 gs=7.07
[RTL-Wind] direct=0.0 windDir=0.0 windSpd=5.0 as=10.0 -> heading=0.0 gs=15.00
[INFO] Tests run: 7, Failures: 0, Errors: 0, Skipped: 0, Time elapsed: 0.005 s -- in io.aerofleet.sim.ai.ReturnToHomeStrategyTest$WindAssistedHeadingTest
[INFO] Running io.aerofleet.sim.ai.ReturnToHomeStrategyTest$LegacyEvaluateTest
[INFO] Tests run: 7, Failures: 0, Errors: 0, Skipped: 0, Time elapsed: 0.002 s -- in io.aerofleet.sim.ai.ReturnToHomeStrategyTest$LegacyEvaluateTest
[INFO] Tests run: 0, Failures: 0, Errors: 0, Skipped: 0, Time elapsed: 0.101 s -- in io.aerofleet.sim.ai.ReturnToHomeStrategyTest
[INFO] Running io.aerofleet.sim.BudgetSensorTest
[INFO] Tests run: 29, Failures: 0, Errors: 0, Skipped: 0, Time elapsed: 0.105 s -- in io.aerofleet.sim.BudgetSensorTest
[INFO] Running io.aerofleet.sim.celltower.CellTowerFactoryTest
[INFO] Tests run: 6, Failures: 0, Errors: 0, Skipped: 0, Time elapsed: 0.072 s -- in io.aerofleet.sim.celltower.CellTowerFactoryTest
[INFO] Running io.aerofleet.sim.celltower.CellTypeTest
[INFO] Tests run: 4, Failures: 0, Errors: 0, Skipped: 0, Time elapsed: 0.010 s -- in io.aerofleet.sim.celltower.CellTypeTest
[INFO] Running io.aerofleet.sim.celltower.CoverageAreaTest
[INFO] Tests run: 5, Failures: 0, Errors: 0, Skipped: 0, Time elapsed: 0.019 s -- in io.aerofleet.sim.celltower.CoverageAreaTest
[INFO] Running io.aerofleet.sim.celltower.GroundTerminalTest
[INFO] Tests run: 7, Failures: 0, Errors: 0, Skipped: 0, Time elapsed: 0.019 s -- in io.aerofleet.sim.celltower.GroundTerminalTest
[INFO] Running io.aerofleet.sim.celltower.HandoverManagerTest
[sim] 00:01:47 WARN  handover mesh router null, cannot send: terminal=1001
[sim] 00:01:47 WARN  HANDOVER_TIMEOUT: terminal=1001 from=1 to=2 dur=600ms
[sim] 00:01:47 WARN  handover mesh router null, cannot send: terminal=1001
[sim] 00:01:47 WARN  handover mesh router null, cannot send: terminal=1001
[sim] 00:01:47 WARN  handover ignored: toSysid == fromSysid == 1
[sim] 00:01:47 WARN  handover mesh router null, cannot send: terminal=1001
[sim] 00:01:47 WARN  handover rolled back: terminal=1001 reason=SIGNAL_WEAK
[INFO] Tests run: 6, Failures: 0, Errors: 0, Skipped: 0, Time elapsed: 0.102 s -- in io.aerofleet.sim.celltower.HandoverManagerTest
[INFO] Running io.aerofleet.sim.celltower.HandoverReasonTest
[INFO] Tests run: 3, Failures: 0, Errors: 0, Skipped: 0, Time elapsed: 0 s -- in io.aerofleet.sim.celltower.HandoverReasonTest
[INFO] Running io.aerofleet.sim.celltower.TerminalRegistryTest
[sim] 00:01:47 WARN  REGISTRY_FULL: terminal registry at capacity 2
[INFO] Tests run: 7, Failures: 0, Errors: 0, Skipped: 0, Time elapsed: 0.006 s -- in io.aerofleet.sim.celltower.TerminalRegistryTest
[INFO] Running io.aerofleet.sim.celltower.TerminalTypeTest
[INFO] Tests run: 3, Failures: 0, Errors: 0, Skipped: 0, Time elapsed: 0.001 s -- in io.aerofleet.sim.celltower.TerminalTypeTest
[INFO] Running io.aerofleet.sim.comm.LoRaMavlinkTransportTest
[INFO] Running io.aerofleet.sim.comm.LoRaMavlinkTransportTest$ConfigAndLatency
[INFO] Tests run: 4, Failures: 0, Errors: 0, Skipped: 0, Time elapsed: 0.010 s -- in io.aerofleet.sim.comm.LoRaMavlinkTransportTest$ConfigAndLatency
[INFO] Running io.aerofleet.sim.comm.LoRaMavlinkTransportTest$EdgeCases
[sim] 00:01:47 WARN  LoRaMavlink receive: invalid fragment length null
[sim] 00:01:47 INFO  LoRa fragment: frameId=0 total=1 payloadLen=0
[sim] 00:01:47 INFO  LoRaMavlink send: frameId=0 frameLen=0 fragments=1
[sim] 00:01:47 INFO  LoRa reassemble: frameId=0 complete, len=0
[sim] 00:01:47 INFO  LoRaMavlink receive: frameId=0 complete, len=0
[sim] 00:01:47 WARN  LoRaMavlink receive: invalid fragment length 2
[sim] 00:01:47 INFO  LoRa fragment: frameId=0 total=3 payloadLen=100
[sim] 00:01:47 INFO  LoRaMavlink send: frameId=0 frameLen=100 fragments=3
[INFO] Tests run: 7, Failures: 0, Errors: 0, Skipped: 0, Time elapsed: 0.007 s -- in io.aerofleet.sim.comm.LoRaMavlinkTransportTest$EdgeCases
[INFO] Running io.aerofleet.sim.comm.LoRaMavlinkTransportTest$FrameIdSequence
[sim] 00:01:47 INFO  LoRa fragment: frameId=0 total=1 payloadLen=5
[sim] 00:01:47 INFO  LoRaMavlink send: frameId=0 frameLen=5 fragments=1
[sim] 00:01:47 INFO  LoRa fragment: frameId=1 total=1 payloadLen=5
[sim] 00:01:47 INFO  LoRaMavlink send: frameId=1 frameLen=5 fragments=1
[sim] 00:01:47 INFO  LoRa fragment: frameId=2 total=1 payloadLen=5
[sim] 00:01:47 INFO  LoRaMavlink send: frameId=2 frameLen=5 fragments=1
[sim] 00:01:47 INFO  LoRa fragment: frameId=3 total=1 payloadLen=5
[sim] 00:01:47 INFO  LoRaMavlink send: frameId=3 frameLen=5 fragments=1
[sim] 00:01:47 INFO  LoRa fragment: frameId=4 total=1 payloadLen=5
[sim] 00:01:47 INFO  LoRaMavlink send: frameId=4 frameLen=5 fragments=1
[sim] 00:01:47 INFO  LoRa fragment: frameId=5 total=1 payloadLen=5
[sim] 00:01:47 INFO  LoRaMavlink send: frameId=5 frameLen=5 fragments=1
[sim] 00:01:47 INFO  LoRa fragment: frameId=6 total=1 payloadLen=5
[sim] 00:01:47 INFO  LoRaMavlink send: frameId=6 frameLen=5 fragments=1
[sim] 00:01:47 INFO  LoRa fragment: frameId=7 total=1 payloadLen=5
[sim] 00:01:47 INFO  LoRaMavlink send: frameId=7 frameLen=5 fragments=1
[sim] 00:01:47 INFO  LoRa fragment: frameId=8 total=1 payloadLen=5
[sim] 00:01:47 INFO  LoRaMavlink send: frameId=8 frameLen=5 fragments=1
[sim] 00:01:47 INFO  LoRa fragment: frameId=9 total=1 payloadLen=5
[sim] 00:01:47 INFO  LoRaMavlink send: frameId=9 frameLen=5 fragments=1
[sim] 00:01:47 INFO  LoRa fragment: frameId=10 total=1 payloadLen=5
[sim] 00:01:47 INFO  LoRaMavlink send: frameId=10 frameLen=5 fragments=1
[sim] 00:01:47 INFO  LoRa fragment: frameId=11 total=1 payloadLen=5
[sim] 00:01:47 INFO  LoRaMavlink send: frameId=11 frameLen=5 fragments=1
[sim] 00:01:47 INFO  LoRa fragment: frameId=12 total=1 payloadLen=5
[sim] 00:01:47 INFO  LoRaMavlink send: frameId=12 frameLen=5 fragments=1
[sim] 00:01:47 INFO  LoRa fragment: frameId=13 total=1 payloadLen=5
[sim] 00:01:47 INFO  LoRaMavlink send: frameId=13 frameLen=5 fragments=1
[sim] 00:01:47 INFO  LoRa fragment: frameId=14 total=1 payloadLen=5
[sim] 00:01:47 INFO  LoRaMavlink send: frameId=14 frameLen=5 fragments=1
[sim] 00:01:47 INFO  LoRa fragment: frameId=15 total=1 payloadLen=5
[sim] 00:01:47 INFO  LoRaMavlink send: frameId=15 frameLen=5 fragments=1
[sim] 00:01:47 INFO  LoRa fragment: frameId=16 total=1 payloadLen=5
[sim] 00:01:47 INFO  LoRaMavlink send: frameId=16 frameLen=5 fragments=1
[sim] 00:01:47 INFO  LoRa fragment: frameId=17 total=1 payloadLen=5
[sim] 00:01:47 INFO  LoRaMavlink send: frameId=17 frameLen=5 fragments=1
[sim] 00:01:47 INFO  LoRa fragment: frameId=18 total=1 payloadLen=5
[sim] 00:01:47 INFO  LoRaMavlink send: frameId=18 frameLen=5 fragments=1
[sim] 00:01:47 INFO  LoRa fragment: frameId=19 total=1 payloadLen=5
[sim] 00:01:47 INFO  LoRaMavlink send: frameId=19 frameLen=5 fragments=1
[sim] 00:01:47 INFO  LoRa fragment: frameId=20 total=1 payloadLen=5
[sim] 00:01:47 INFO  LoRaMavlink send: frameId=20 frameLen=5 fragments=1
[sim] 00:01:47 INFO  LoRa fragment: frameId=21 total=1 payloadLen=5
[sim] 00:01:47 INFO  LoRaMavlink send: frameId=21 frameLen=5 fragments=1
[sim] 00:01:47 INFO  LoRa fragment: frameId=22 total=1 payloadLen=5
[sim] 00:01:47 INFO  LoRaMavlink send: frameId=22 frameLen=5 fragments=1
[sim] 00:01:47 INFO  LoRa fragment: frameId=23 total=1 payloadLen=5
[sim] 00:01:47 INFO  LoRaMavlink send: frameId=23 frameLen=5 fragments=1
[sim] 00:01:47 INFO  LoRa fragment: frameId=24 total=1 payloadLen=5
[sim] 00:01:47 INFO  LoRaMavlink send: frameId=24 frameLen=5 fragments=1
[sim] 00:01:47 INFO  LoRa fragment: frameId=25 total=1 payloadLen=5
[sim] 00:01:47 INFO  LoRaMavlink send: frameId=25 frameLen=5 fragments=1
[sim] 00:01:47 INFO  LoRa fragment: frameId=26 total=1 payloadLen=5
[sim] 00:01:47 INFO  LoRaMavlink send: frameId=26 frameLen=5 fragments=1
[sim] 00:01:47 INFO  LoRa fragment: frameId=27 total=1 payloadLen=5
[sim] 00:01:47 INFO  LoRaMavlink send: frameId=27 frameLen=5 fragments=1
[sim] 00:01:47 INFO  LoRa fragment: frameId=28 total=1 payloadLen=5
[sim] 00:01:47 INFO  LoRaMavlink send: frameId=28 frameLen=5 fragments=1
[sim] 00:01:47 INFO  LoRa fragment: frameId=29 total=1 payloadLen=5
[sim] 00:01:47 INFO  LoRaMavlink send: frameId=29 frameLen=5 fragments=1
[sim] 00:01:47 INFO  LoRa fragment: frameId=30 total=1 payloadLen=5
[sim] 00:01:47 INFO  LoRaMavlink send: frameId=30 frameLen=5 fragments=1
[sim] 00:01:47 INFO  LoRa fragment: frameId=31 total=1 payloadLen=5
[sim] 00:01:47 INFO  LoRaMavlink send: frameId=31 frameLen=5 fragments=1
[sim] 00:01:47 INFO  LoRa fragment: frameId=32 total=1 payloadLen=5
[sim] 00:01:47 INFO  LoRaMavlink send: frameId=32 frameLen=5 fragments=1
[sim] 00:01:47 INFO  LoRa fragment: frameId=33 total=1 payloadLen=5
[sim] 00:01:47 INFO  LoRaMavlink send: frameId=33 frameLen=5 fragments=1
[sim] 00:01:47 INFO  LoRa fragment: frameId=34 total=1 payloadLen=5
[sim] 00:01:47 INFO  LoRaMavlink send: frameId=34 frameLen=5 fragments=1
[sim] 00:01:47 INFO  LoRa fragment: frameId=35 total=1 payloadLen=5
[sim] 00:01:47 INFO  LoRaMavlink send: frameId=35 frameLen=5 fragments=1
[sim] 00:01:47 INFO  LoRa fragment: frameId=36 total=1 payloadLen=5
[sim] 00:01:47 INFO  LoRaMavlink send: frameId=36 frameLen=5 fragments=1
[sim] 00:01:47 INFO  LoRa fragment: frameId=37 total=1 payloadLen=5
[sim] 00:01:47 INFO  LoRaMavlink send: frameId=37 frameLen=5 fragments=1
[sim] 00:01:47 INFO  LoRa fragment: frameId=38 total=1 payloadLen=5
[sim] 00:01:47 INFO  LoRaMavlink send: frameId=38 frameLen=5 fragments=1
[sim] 00:01:47 INFO  LoRa fragment: frameId=39 total=1 payloadLen=5
[sim] 00:01:47 INFO  LoRaMavlink send: frameId=39 frameLen=5 fragments=1
[sim] 00:01:47 INFO  LoRa fragment: frameId=40 total=1 payloadLen=5
[sim] 00:01:47 INFO  LoRaMavlink send: frameId=40 frameLen=5 fragments=1
[sim] 00:01:47 INFO  LoRa fragment: frameId=41 total=1 payloadLen=5
[sim] 00:01:47 INFO  LoRaMavlink send: frameId=41 frameLen=5 fragments=1
[sim] 00:01:47 INFO  LoRa fragment: frameId=42 total=1 payloadLen=5
[sim] 00:01:47 INFO  LoRaMavlink send: frameId=42 frameLen=5 fragments=1
[sim] 00:01:47 INFO  LoRa fragment: frameId=43 total=1 payloadLen=5
[sim] 00:01:47 INFO  LoRaMavlink send: frameId=43 frameLen=5 fragments=1
[sim] 00:01:47 INFO  LoRa fragment: frameId=44 total=1 payloadLen=5
[sim] 00:01:47 INFO  LoRaMavlink send: frameId=44 frameLen=5 fragments=1
[sim] 00:01:47 INFO  LoRa fragment: frameId=45 total=1 payloadLen=5
[sim] 00:01:47 INFO  LoRaMavlink send: frameId=45 frameLen=5 fragments=1
[sim] 00:01:47 INFO  LoRa fragment: frameId=46 total=1 payloadLen=5
[sim] 00:01:47 INFO  LoRaMavlink send: frameId=46 frameLen=5 fragments=1
[sim] 00:01:47 INFO  LoRa fragment: frameId=47 total=1 payloadLen=5
[sim] 00:01:47 INFO  LoRaMavlink send: frameId=47 frameLen=5 fragments=1
[sim] 00:01:47 INFO  LoRa fragment: frameId=48 total=1 payloadLen=5
[sim] 00:01:47 INFO  LoRaMavlink send: frameId=48 frameLen=5 fragments=1
[sim] 00:01:47 INFO  LoRa fragment: frameId=49 total=1 payloadLen=5
[sim] 00:01:47 INFO  LoRaMavlink send: frameId=49 frameLen=5 fragments=1
[sim] 00:01:47 INFO  LoRa fragment: frameId=50 total=1 payloadLen=5
[sim] 00:01:47 INFO  LoRaMavlink send: frameId=50 frameLen=5 fragments=1
[sim] 00:01:47 INFO  LoRa fragment: frameId=51 total=1 payloadLen=5
[sim] 00:01:47 INFO  LoRaMavlink send: frameId=51 frameLen=5 fragments=1
[sim] 00:01:47 INFO  LoRa fragment: frameId=52 total=1 payloadLen=5
[sim] 00:01:47 INFO  LoRaMavlink send: frameId=52 frameLen=5 fragments=1
[sim] 00:01:47 INFO  LoRa fragment: frameId=53 total=1 payloadLen=5
[sim] 00:01:47 INFO  LoRaMavlink send: frameId=53 frameLen=5 fragments=1
[sim] 00:01:47 INFO  LoRa fragment: frameId=54 total=1 payloadLen=5
[sim] 00:01:47 INFO  LoRaMavlink send: frameId=54 frameLen=5 fragments=1
[sim] 00:01:47 INFO  LoRa fragment: frameId=55 total=1 payloadLen=5
[sim] 00:01:47 INFO  LoRaMavlink send: frameId=55 frameLen=5 fragments=1
[sim] 00:01:47 INFO  LoRa fragment: frameId=56 total=1 payloadLen=5
[sim] 00:01:47 INFO  LoRaMavlink send: frameId=56 frameLen=5 fragments=1
[sim] 00:01:47 INFO  LoRa fragment: frameId=57 total=1 payloadLen=5
[sim] 00:01:47 INFO  LoRaMavlink send: frameId=57 frameLen=5 fragments=1
[sim] 00:01:47 INFO  LoRa fragment: frameId=58 total=1 payloadLen=5
[sim] 00:01:47 INFO  LoRaMavlink send: frameId=58 frameLen=5 fragments=1
[sim] 00:01:47 INFO  LoRa fragment: frameId=59 total=1 payloadLen=5
[sim] 00:01:47 INFO  LoRaMavlink send: frameId=59 frameLen=5 fragments=1
[sim] 00:01:47 INFO  LoRa fragment: frameId=60 total=1 payloadLen=5
[sim] 00:01:47 INFO  LoRaMavlink send: frameId=60 frameLen=5 fragments=1
[sim] 00:01:47 INFO  LoRa fragment: frameId=61 total=1 payloadLen=5
[sim] 00:01:47 INFO  LoRaMavlink send: frameId=61 frameLen=5 fragments=1
[sim] 00:01:47 INFO  LoRa fragment: frameId=62 total=1 payloadLen=5
[sim] 00:01:47 INFO  LoRaMavlink send: frameId=62 frameLen=5 fragments=1
[sim] 00:01:47 INFO  LoRa fragment: frameId=63 total=1 payloadLen=5
[sim] 00:01:47 INFO  LoRaMavlink send: frameId=63 frameLen=5 fragments=1
[sim] 00:01:47 INFO  LoRa fragment: frameId=64 total=1 payloadLen=5
[sim] 00:01:47 INFO  LoRaMavlink send: frameId=64 frameLen=5 fragments=1
[sim] 00:01:47 INFO  LoRa fragment: frameId=65 total=1 payloadLen=5
[sim] 00:01:47 INFO  LoRaMavlink send: frameId=65 frameLen=5 fragments=1
[sim] 00:01:47 INFO  LoRa fragment: frameId=66 total=1 payloadLen=5
[sim] 00:01:47 INFO  LoRaMavlink send: frameId=66 frameLen=5 fragments=1
[sim] 00:01:47 INFO  LoRa fragment: frameId=67 total=1 payloadLen=5
[sim] 00:01:47 INFO  LoRaMavlink send: frameId=67 frameLen=5 fragments=1
[sim] 00:01:47 INFO  LoRa fragment: frameId=68 total=1 payloadLen=5
[sim] 00:01:47 INFO  LoRaMavlink send: frameId=68 frameLen=5 fragments=1
[sim] 00:01:47 INFO  LoRa fragment: frameId=69 total=1 payloadLen=5
[sim] 00:01:47 INFO  LoRaMavlink send: frameId=69 frameLen=5 fragments=1
[sim] 00:01:47 INFO  LoRa fragment: frameId=70 total=1 payloadLen=5
[sim] 00:01:47 INFO  LoRaMavlink send: frameId=70 frameLen=5 fragments=1
[sim] 00:01:47 INFO  LoRa fragment: frameId=71 total=1 payloadLen=5
[sim] 00:01:47 INFO  LoRaMavlink send: frameId=71 frameLen=5 fragments=1
[sim] 00:01:47 INFO  LoRa fragment: frameId=72 total=1 payloadLen=5
[sim] 00:01:47 INFO  LoRaMavlink send: frameId=72 frameLen=5 fragments=1
[sim] 00:01:47 INFO  LoRa fragment: frameId=73 total=1 payloadLen=5
[sim] 00:01:47 INFO  LoRaMavlink send: frameId=73 frameLen=5 fragments=1
[sim] 00:01:47 INFO  LoRa fragment: frameId=74 total=1 payloadLen=5
[sim] 00:01:47 INFO  LoRaMavlink send: frameId=74 frameLen=5 fragments=1
[sim] 00:01:47 INFO  LoRa fragment: frameId=75 total=1 payloadLen=5
[sim] 00:01:47 INFO  LoRaMavlink send: frameId=75 frameLen=5 fragments=1
[sim] 00:01:47 INFO  LoRa fragment: frameId=76 total=1 payloadLen=5
[sim] 00:01:47 INFO  LoRaMavlink send: frameId=76 frameLen=5 fragments=1
[sim] 00:01:47 INFO  LoRa fragment: frameId=77 total=1 payloadLen=5
[sim] 00:01:47 INFO  LoRaMavlink send: frameId=77 frameLen=5 fragments=1
[sim] 00:01:47 INFO  LoRa fragment: frameId=78 total=1 payloadLen=5
[sim] 00:01:47 INFO  LoRaMavlink send: frameId=78 frameLen=5 fragments=1
[sim] 00:01:47 INFO  LoRa fragment: frameId=79 total=1 payloadLen=5
[sim] 00:01:47 INFO  LoRaMavlink send: frameId=79 frameLen=5 fragments=1
[sim] 00:01:47 INFO  LoRa fragment: frameId=80 total=1 payloadLen=5
[sim] 00:01:47 INFO  LoRaMavlink send: frameId=80 frameLen=5 fragments=1
[sim] 00:01:47 INFO  LoRa fragment: frameId=81 total=1 payloadLen=5
[sim] 00:01:47 INFO  LoRaMavlink send: frameId=81 frameLen=5 fragments=1
[sim] 00:01:47 INFO  LoRa fragment: frameId=82 total=1 payloadLen=5
[sim] 00:01:47 INFO  LoRaMavlink send: frameId=82 frameLen=5 fragments=1
[sim] 00:01:47 INFO  LoRa fragment: frameId=83 total=1 payloadLen=5
[sim] 00:01:47 INFO  LoRaMavlink send: frameId=83 frameLen=5 fragments=1
[sim] 00:01:47 INFO  LoRa fragment: frameId=84 total=1 payloadLen=5
[sim] 00:01:47 INFO  LoRaMavlink send: frameId=84 frameLen=5 fragments=1
[sim] 00:01:47 INFO  LoRa fragment: frameId=85 total=1 payloadLen=5
[sim] 00:01:47 INFO  LoRaMavlink send: frameId=85 frameLen=5 fragments=1
[sim] 00:01:47 INFO  LoRa fragment: frameId=86 total=1 payloadLen=5
[sim] 00:01:47 INFO  LoRaMavlink send: frameId=86 frameLen=5 fragments=1
[sim] 00:01:47 INFO  LoRa fragment: frameId=87 total=1 payloadLen=5
[sim] 00:01:47 INFO  LoRaMavlink send: frameId=87 frameLen=5 fragments=1
[sim] 00:01:47 INFO  LoRa fragment: frameId=88 total=1 payloadLen=5
[sim] 00:01:47 INFO  LoRaMavlink send: frameId=88 frameLen=5 fragments=1
[sim] 00:01:47 INFO  LoRa fragment: frameId=89 total=1 payloadLen=5
[sim] 00:01:47 INFO  LoRaMavlink send: frameId=89 frameLen=5 fragments=1
[sim] 00:01:47 INFO  LoRa fragment: frameId=90 total=1 payloadLen=5
[sim] 00:01:47 INFO  LoRaMavlink send: frameId=90 frameLen=5 fragments=1
[sim] 00:01:47 INFO  LoRa fragment: frameId=91 total=1 payloadLen=5
[sim] 00:01:47 INFO  LoRaMavlink send: frameId=91 frameLen=5 fragments=1
[sim] 00:01:47 INFO  LoRa fragment: frameId=92 total=1 payloadLen=5
[sim] 00:01:47 INFO  LoRaMavlink send: frameId=92 frameLen=5 fragments=1
[sim] 00:01:47 INFO  LoRa fragment: frameId=93 total=1 payloadLen=5
[sim] 00:01:47 INFO  LoRaMavlink send: frameId=93 frameLen=5 fragments=1
[sim] 00:01:47 INFO  LoRa fragment: frameId=94 total=1 payloadLen=5
[sim] 00:01:47 INFO  LoRaMavlink send: frameId=94 frameLen=5 fragments=1
[sim] 00:01:47 INFO  LoRa fragment: frameId=95 total=1 payloadLen=5
[sim] 00:01:47 INFO  LoRaMavlink send: frameId=95 frameLen=5 fragments=1
[sim] 00:01:47 INFO  LoRa fragment: frameId=96 total=1 payloadLen=5
[sim] 00:01:47 INFO  LoRaMavlink send: frameId=96 frameLen=5 fragments=1
[sim] 00:01:47 INFO  LoRa fragment: frameId=97 total=1 payloadLen=5
[sim] 00:01:47 INFO  LoRaMavlink send: frameId=97 frameLen=5 fragments=1
[sim] 00:01:47 INFO  LoRa fragment: frameId=98 total=1 payloadLen=5
[sim] 00:01:47 INFO  LoRaMavlink send: frameId=98 frameLen=5 fragments=1
[sim] 00:01:47 INFO  LoRa fragment: frameId=99 total=1 payloadLen=5
[sim] 00:01:47 INFO  LoRaMavlink send: frameId=99 frameLen=5 fragments=1
[sim] 00:01:47 INFO  LoRa fragment: frameId=100 total=1 payloadLen=5
[sim] 00:01:47 INFO  LoRaMavlink send: frameId=100 frameLen=5 fragments=1
[sim] 00:01:47 INFO  LoRa fragment: frameId=101 total=1 payloadLen=5
[sim] 00:01:47 INFO  LoRaMavlink send: frameId=101 frameLen=5 fragments=1
[sim] 00:01:47 INFO  LoRa fragment: frameId=102 total=1 payloadLen=5
[sim] 00:01:47 INFO  LoRaMavlink send: frameId=102 frameLen=5 fragments=1
[sim] 00:01:47 INFO  LoRa fragment: frameId=103 total=1 payloadLen=5
[sim] 00:01:47 INFO  LoRaMavlink send: frameId=103 frameLen=5 fragments=1
[sim] 00:01:47 INFO  LoRa fragment: frameId=104 total=1 payloadLen=5
[sim] 00:01:47 INFO  LoRaMavlink send: frameId=104 frameLen=5 fragments=1
[sim] 00:01:47 INFO  LoRa fragment: frameId=105 total=1 payloadLen=5
[sim] 00:01:47 INFO  LoRaMavlink send: frameId=105 frameLen=5 fragments=1
[sim] 00:01:47 INFO  LoRa fragment: frameId=106 total=1 payloadLen=5
[sim] 00:01:47 INFO  LoRaMavlink send: frameId=106 frameLen=5 fragments=1
[sim] 00:01:47 INFO  LoRa fragment: frameId=107 total=1 payloadLen=5
[sim] 00:01:47 INFO  LoRaMavlink send: frameId=107 frameLen=5 fragments=1
[sim] 00:01:47 INFO  LoRa fragment: frameId=108 total=1 payloadLen=5
[sim] 00:01:47 INFO  LoRaMavlink send: frameId=108 frameLen=5 fragments=1
[sim] 00:01:47 INFO  LoRa fragment: frameId=109 total=1 payloadLen=5
[sim] 00:01:47 INFO  LoRaMavlink send: frameId=109 frameLen=5 fragments=1
[sim] 00:01:47 INFO  LoRa fragment: frameId=110 total=1 payloadLen=5
[sim] 00:01:47 INFO  LoRaMavlink send: frameId=110 frameLen=5 fragments=1
[sim] 00:01:47 INFO  LoRa fragment: frameId=111 total=1 payloadLen=5
[sim] 00:01:47 INFO  LoRaMavlink send: frameId=111 frameLen=5 fragments=1
[sim] 00:01:47 INFO  LoRa fragment: frameId=112 total=1 payloadLen=5
[sim] 00:01:47 INFO  LoRaMavlink send: frameId=112 frameLen=5 fragments=1
[sim] 00:01:47 INFO  LoRa fragment: frameId=113 total=1 payloadLen=5
[sim] 00:01:47 INFO  LoRaMavlink send: frameId=113 frameLen=5 fragments=1
[sim] 00:01:47 INFO  LoRa fragment: frameId=114 total=1 payloadLen=5
[sim] 00:01:47 INFO  LoRaMavlink send: frameId=114 frameLen=5 fragments=1
[sim] 00:01:47 INFO  LoRa fragment: frameId=115 total=1 payloadLen=5
[sim] 00:01:47 INFO  LoRaMavlink send: frameId=115 frameLen=5 fragments=1
[sim] 00:01:47 INFO  LoRa fragment: frameId=116 total=1 payloadLen=5
[sim] 00:01:47 INFO  LoRaMavlink send: frameId=116 frameLen=5 fragments=1
[sim] 00:01:47 INFO  LoRa fragment: frameId=117 total=1 payloadLen=5
[sim] 00:01:47 INFO  LoRaMavlink send: frameId=117 frameLen=5 fragments=1
[sim] 00:01:47 INFO  LoRa fragment: frameId=118 total=1 payloadLen=5
[sim] 00:01:47 INFO  LoRaMavlink send: frameId=118 frameLen=5 fragments=1
[sim] 00:01:47 INFO  LoRa fragment: frameId=119 total=1 payloadLen=5
[sim] 00:01:47 INFO  LoRaMavlink send: frameId=119 frameLen=5 fragments=1
[sim] 00:01:47 INFO  LoRa fragment: frameId=120 total=1 payloadLen=5
[sim] 00:01:47 INFO  LoRaMavlink send: frameId=120 frameLen=5 fragments=1
[sim] 00:01:47 INFO  LoRa fragment: frameId=121 total=1 payloadLen=5
[sim] 00:01:47 INFO  LoRaMavlink send: frameId=121 frameLen=5 fragments=1
[sim] 00:01:47 INFO  LoRa fragment: frameId=122 total=1 payloadLen=5
[sim] 00:01:47 INFO  LoRaMavlink send: frameId=122 frameLen=5 fragments=1
[sim] 00:01:47 INFO  LoRa fragment: frameId=123 total=1 payloadLen=5
[sim] 00:01:47 INFO  LoRaMavlink send: frameId=123 frameLen=5 fragments=1
[sim] 00:01:47 INFO  LoRa fragment: frameId=124 total=1 payloadLen=5
[sim] 00:01:47 INFO  LoRaMavlink send: frameId=124 frameLen=5 fragments=1
[sim] 00:01:47 INFO  LoRa fragment: frameId=125 total=1 payloadLen=5
[sim] 00:01:47 INFO  LoRaMavlink send: frameId=125 frameLen=5 fragments=1
[sim] 00:01:47 INFO  LoRa fragment: frameId=126 total=1 payloadLen=5
[sim] 00:01:47 INFO  LoRaMavlink send: frameId=126 frameLen=5 fragments=1
[sim] 00:01:47 INFO  LoRa fragment: frameId=127 total=1 payloadLen=5
[sim] 00:01:47 INFO  LoRaMavlink send: frameId=127 frameLen=5 fragments=1
[sim] 00:01:47 INFO  LoRa fragment: frameId=128 total=1 payloadLen=5
[sim] 00:01:47 INFO  LoRaMavlink send: frameId=128 frameLen=5 fragments=1
[sim] 00:01:47 INFO  LoRa fragment: frameId=129 total=1 payloadLen=5
[sim] 00:01:47 INFO  LoRaMavlink send: frameId=129 frameLen=5 fragments=1
[sim] 00:01:47 INFO  LoRa fragment: frameId=130 total=1 payloadLen=5
[sim] 00:01:47 INFO  LoRaMavlink send: frameId=130 frameLen=5 fragments=1
[sim] 00:01:47 INFO  LoRa fragment: frameId=131 total=1 payloadLen=5
[sim] 00:01:47 INFO  LoRaMavlink send: frameId=131 frameLen=5 fragments=1
[sim] 00:01:47 INFO  LoRa fragment: frameId=132 total=1 payloadLen=5
[sim] 00:01:47 INFO  LoRaMavlink send: frameId=132 frameLen=5 fragments=1
[sim] 00:01:47 INFO  LoRa fragment: frameId=133 total=1 payloadLen=5
[sim] 00:01:47 INFO  LoRaMavlink send: frameId=133 frameLen=5 fragments=1
[sim] 00:01:47 INFO  LoRa fragment: frameId=134 total=1 payloadLen=5
[sim] 00:01:47 INFO  LoRaMavlink send: frameId=134 frameLen=5 fragments=1
[sim] 00:01:47 INFO  LoRa fragment: frameId=135 total=1 payloadLen=5
[sim] 00:01:47 INFO  LoRaMavlink send: frameId=135 frameLen=5 fragments=1
[sim] 00:01:47 INFO  LoRa fragment: frameId=136 total=1 payloadLen=5
[sim] 00:01:47 INFO  LoRaMavlink send: frameId=136 frameLen=5 fragments=1
[sim] 00:01:47 INFO  LoRa fragment: frameId=137 total=1 payloadLen=5
[sim] 00:01:47 INFO  LoRaMavlink send: frameId=137 frameLen=5 fragments=1
[sim] 00:01:47 INFO  LoRa fragment: frameId=138 total=1 payloadLen=5
[sim] 00:01:47 INFO  LoRaMavlink send: frameId=138 frameLen=5 fragments=1
[sim] 00:01:47 INFO  LoRa fragment: frameId=139 total=1 payloadLen=5
[sim] 00:01:47 INFO  LoRaMavlink send: frameId=139 frameLen=5 fragments=1
[sim] 00:01:47 INFO  LoRa fragment: frameId=140 total=1 payloadLen=5
[sim] 00:01:47 INFO  LoRaMavlink send: frameId=140 frameLen=5 fragments=1
[sim] 00:01:47 INFO  LoRa fragment: frameId=141 total=1 payloadLen=5
[sim] 00:01:47 INFO  LoRaMavlink send: frameId=141 frameLen=5 fragments=1
[sim] 00:01:47 INFO  LoRa fragment: frameId=142 total=1 payloadLen=5
[sim] 00:01:47 INFO  LoRaMavlink send: frameId=142 frameLen=5 fragments=1
[sim] 00:01:47 INFO  LoRa fragment: frameId=143 total=1 payloadLen=5
[sim] 00:01:47 INFO  LoRaMavlink send: frameId=143 frameLen=5 fragments=1
[sim] 00:01:47 INFO  LoRa fragment: frameId=144 total=1 payloadLen=5
[sim] 00:01:47 INFO  LoRaMavlink send: frameId=144 frameLen=5 fragments=1
[sim] 00:01:47 INFO  LoRa fragment: frameId=145 total=1 payloadLen=5
[sim] 00:01:47 INFO  LoRaMavlink send: frameId=145 frameLen=5 fragments=1
[sim] 00:01:47 INFO  LoRa fragment: frameId=146 total=1 payloadLen=5
[sim] 00:01:47 INFO  LoRaMavlink send: frameId=146 frameLen=5 fragments=1
[sim] 00:01:47 INFO  LoRa fragment: frameId=147 total=1 payloadLen=5
[sim] 00:01:47 INFO  LoRaMavlink send: frameId=147 frameLen=5 fragments=1
[sim] 00:01:47 INFO  LoRa fragment: frameId=148 total=1 payloadLen=5
[sim] 00:01:47 INFO  LoRaMavlink send: frameId=148 frameLen=5 fragments=1
[sim] 00:01:47 INFO  LoRa fragment: frameId=149 total=1 payloadLen=5
[sim] 00:01:47 INFO  LoRaMavlink send: frameId=149 frameLen=5 fragments=1
[sim] 00:01:47 INFO  LoRa fragment: frameId=150 total=1 payloadLen=5
[sim] 00:01:47 INFO  LoRaMavlink send: frameId=150 frameLen=5 fragments=1
[sim] 00:01:47 INFO  LoRa fragment: frameId=151 total=1 payloadLen=5
[sim] 00:01:47 INFO  LoRaMavlink send: frameId=151 frameLen=5 fragments=1
[sim] 00:01:47 INFO  LoRa fragment: frameId=152 total=1 payloadLen=5
[sim] 00:01:47 INFO  LoRaMavlink send: frameId=152 frameLen=5 fragments=1
[sim] 00:01:47 INFO  LoRa fragment: frameId=153 total=1 payloadLen=5
[sim] 00:01:47 INFO  LoRaMavlink send: frameId=153 frameLen=5 fragments=1
[sim] 00:01:47 INFO  LoRa fragment: frameId=154 total=1 payloadLen=5
[sim] 00:01:47 INFO  LoRaMavlink send: frameId=154 frameLen=5 fragments=1
[sim] 00:01:47 INFO  LoRa fragment: frameId=155 total=1 payloadLen=5
[sim] 00:01:47 INFO  LoRaMavlink send: frameId=155 frameLen=5 fragments=1
[sim] 00:01:47 INFO  LoRa fragment: frameId=156 total=1 payloadLen=5
[sim] 00:01:47 INFO  LoRaMavlink send: frameId=156 frameLen=5 fragments=1
[sim] 00:01:47 INFO  LoRa fragment: frameId=157 total=1 payloadLen=5
[sim] 00:01:47 INFO  LoRaMavlink send: frameId=157 frameLen=5 fragments=1
[sim] 00:01:47 INFO  LoRa fragment: frameId=158 total=1 payloadLen=5
[sim] 00:01:47 INFO  LoRaMavlink send: frameId=158 frameLen=5 fragments=1
[sim] 00:01:47 INFO  LoRa fragment: frameId=159 total=1 payloadLen=5
[sim] 00:01:47 INFO  LoRaMavlink send: frameId=159 frameLen=5 fragments=1
[sim] 00:01:47 INFO  LoRa fragment: frameId=160 total=1 payloadLen=5
[sim] 00:01:47 INFO  LoRaMavlink send: frameId=160 frameLen=5 fragments=1
[sim] 00:01:47 INFO  LoRa fragment: frameId=161 total=1 payloadLen=5
[sim] 00:01:47 INFO  LoRaMavlink send: frameId=161 frameLen=5 fragments=1
[sim] 00:01:47 INFO  LoRa fragment: frameId=162 total=1 payloadLen=5
[sim] 00:01:47 INFO  LoRaMavlink send: frameId=162 frameLen=5 fragments=1
[sim] 00:01:47 INFO  LoRa fragment: frameId=163 total=1 payloadLen=5
[sim] 00:01:47 INFO  LoRaMavlink send: frameId=163 frameLen=5 fragments=1
[sim] 00:01:47 INFO  LoRa fragment: frameId=164 total=1 payloadLen=5
[sim] 00:01:47 INFO  LoRaMavlink send: frameId=164 frameLen=5 fragments=1
[sim] 00:01:47 INFO  LoRa fragment: frameId=165 total=1 payloadLen=5
[sim] 00:01:47 INFO  LoRaMavlink send: frameId=165 frameLen=5 fragments=1
[sim] 00:01:47 INFO  LoRa fragment: frameId=166 total=1 payloadLen=5
[sim] 00:01:47 INFO  LoRaMavlink send: frameId=166 frameLen=5 fragments=1
[sim] 00:01:47 INFO  LoRa fragment: frameId=167 total=1 payloadLen=5
[sim] 00:01:47 INFO  LoRaMavlink send: frameId=167 frameLen=5 fragments=1
[sim] 00:01:47 INFO  LoRa fragment: frameId=168 total=1 payloadLen=5
[sim] 00:01:47 INFO  LoRaMavlink send: frameId=168 frameLen=5 fragments=1
[sim] 00:01:47 INFO  LoRa fragment: frameId=169 total=1 payloadLen=5
[sim] 00:01:47 INFO  LoRaMavlink send: frameId=169 frameLen=5 fragments=1
[sim] 00:01:47 INFO  LoRa fragment: frameId=170 total=1 payloadLen=5
[sim] 00:01:47 INFO  LoRaMavlink send: frameId=170 frameLen=5 fragments=1
[sim] 00:01:47 INFO  LoRa fragment: frameId=171 total=1 payloadLen=5
[sim] 00:01:47 INFO  LoRaMavlink send: frameId=171 frameLen=5 fragments=1
[sim] 00:01:47 INFO  LoRa fragment: frameId=172 total=1 payloadLen=5
[sim] 00:01:47 INFO  LoRaMavlink send: frameId=172 frameLen=5 fragments=1
[sim] 00:01:47 INFO  LoRa fragment: frameId=173 total=1 payloadLen=5
[sim] 00:01:47 INFO  LoRaMavlink send: frameId=173 frameLen=5 fragments=1
[sim] 00:01:47 INFO  LoRa fragment: frameId=174 total=1 payloadLen=5
[sim] 00:01:47 INFO  LoRaMavlink send: frameId=174 frameLen=5 fragments=1
[sim] 00:01:47 INFO  LoRa fragment: frameId=175 total=1 payloadLen=5
[sim] 00:01:47 INFO  LoRaMavlink send: frameId=175 frameLen=5 fragments=1
[sim] 00:01:47 INFO  LoRa fragment: frameId=176 total=1 payloadLen=5
[sim] 00:01:47 INFO  LoRaMavlink send: frameId=176 frameLen=5 fragments=1
[sim] 00:01:47 INFO  LoRa fragment: frameId=177 total=1 payloadLen=5
[sim] 00:01:47 INFO  LoRaMavlink send: frameId=177 frameLen=5 fragments=1
[sim] 00:01:47 INFO  LoRa fragment: frameId=178 total=1 payloadLen=5
[sim] 00:01:47 INFO  LoRaMavlink send: frameId=178 frameLen=5 fragments=1
[sim] 00:01:47 INFO  LoRa fragment: frameId=179 total=1 payloadLen=5
[sim] 00:01:47 INFO  LoRaMavlink send: frameId=179 frameLen=5 fragments=1
[sim] 00:01:47 INFO  LoRa fragment: frameId=180 total=1 payloadLen=5
[sim] 00:01:47 INFO  LoRaMavlink send: frameId=180 frameLen=5 fragments=1
[sim] 00:01:47 INFO  LoRa fragment: frameId=181 total=1 payloadLen=5
[sim] 00:01:47 INFO  LoRaMavlink send: frameId=181 frameLen=5 fragments=1
[sim] 00:01:47 INFO  LoRa fragment: frameId=182 total=1 payloadLen=5
[sim] 00:01:47 INFO  LoRaMavlink send: frameId=182 frameLen=5 fragments=1
[sim] 00:01:47 INFO  LoRa fragment: frameId=183 total=1 payloadLen=5
[sim] 00:01:47 INFO  LoRaMavlink send: frameId=183 frameLen=5 fragments=1
[sim] 00:01:47 INFO  LoRa fragment: frameId=184 total=1 payloadLen=5
[sim] 00:01:47 INFO  LoRaMavlink send: frameId=184 frameLen=5 fragments=1
[sim] 00:01:47 INFO  LoRa fragment: frameId=185 total=1 payloadLen=5
[sim] 00:01:47 INFO  LoRaMavlink send: frameId=185 frameLen=5 fragments=1
[sim] 00:01:47 INFO  LoRa fragment: frameId=186 total=1 payloadLen=5
[sim] 00:01:47 INFO  LoRaMavlink send: frameId=186 frameLen=5 fragments=1
[sim] 00:01:47 INFO  LoRa fragment: frameId=187 total=1 payloadLen=5
[sim] 00:01:47 INFO  LoRaMavlink send: frameId=187 frameLen=5 fragments=1
[sim] 00:01:47 INFO  LoRa fragment: frameId=188 total=1 payloadLen=5
[sim] 00:01:47 INFO  LoRaMavlink send: frameId=188 frameLen=5 fragments=1
[sim] 00:01:47 INFO  LoRa fragment: frameId=189 total=1 payloadLen=5
[sim] 00:01:47 INFO  LoRaMavlink send: frameId=189 frameLen=5 fragments=1
[sim] 00:01:47 INFO  LoRa fragment: frameId=190 total=1 payloadLen=5
[sim] 00:01:47 INFO  LoRaMavlink send: frameId=190 frameLen=5 fragments=1
[sim] 00:01:47 INFO  LoRa fragment: frameId=191 total=1 payloadLen=5
[sim] 00:01:47 INFO  LoRaMavlink send: frameId=191 frameLen=5 fragments=1
[sim] 00:01:47 INFO  LoRa fragment: frameId=192 total=1 payloadLen=5
[sim] 00:01:47 INFO  LoRaMavlink send: frameId=192 frameLen=5 fragments=1
[sim] 00:01:47 INFO  LoRa fragment: frameId=193 total=1 payloadLen=5
[sim] 00:01:47 INFO  LoRaMavlink send: frameId=193 frameLen=5 fragments=1
[sim] 00:01:47 INFO  LoRa fragment: frameId=194 total=1 payloadLen=5
[sim] 00:01:47 INFO  LoRaMavlink send: frameId=194 frameLen=5 fragments=1
[sim] 00:01:47 INFO  LoRa fragment: frameId=195 total=1 payloadLen=5
[sim] 00:01:47 INFO  LoRaMavlink send: frameId=195 frameLen=5 fragments=1
[sim] 00:01:47 INFO  LoRa fragment: frameId=196 total=1 payloadLen=5
[sim] 00:01:47 INFO  LoRaMavlink send: frameId=196 frameLen=5 fragments=1
[sim] 00:01:47 INFO  LoRa fragment: frameId=197 total=1 payloadLen=5
[sim] 00:01:47 INFO  LoRaMavlink send: frameId=197 frameLen=5 fragments=1
[sim] 00:01:47 INFO  LoRa fragment: frameId=198 total=1 payloadLen=5
[sim] 00:01:47 INFO  LoRaMavlink send: frameId=198 frameLen=5 fragments=1
[sim] 00:01:47 INFO  LoRa fragment: frameId=199 total=1 payloadLen=5
[sim] 00:01:47 INFO  LoRaMavlink send: frameId=199 frameLen=5 fragments=1
[sim] 00:01:47 INFO  LoRa fragment: frameId=200 total=1 payloadLen=5
[sim] 00:01:47 INFO  LoRaMavlink send: frameId=200 frameLen=5 fragments=1
[sim] 00:01:47 INFO  LoRa fragment: frameId=201 total=1 payloadLen=5
[sim] 00:01:47 INFO  LoRaMavlink send: frameId=201 frameLen=5 fragments=1
[sim] 00:01:47 INFO  LoRa fragment: frameId=202 total=1 payloadLen=5
[sim] 00:01:47 INFO  LoRaMavlink send: frameId=202 frameLen=5 fragments=1
[sim] 00:01:47 INFO  LoRa fragment: frameId=203 total=1 payloadLen=5
[sim] 00:01:47 INFO  LoRaMavlink send: frameId=203 frameLen=5 fragments=1
[sim] 00:01:47 INFO  LoRa fragment: frameId=204 total=1 payloadLen=5
[sim] 00:01:47 INFO  LoRaMavlink send: frameId=204 frameLen=5 fragments=1
[sim] 00:01:47 INFO  LoRa fragment: frameId=205 total=1 payloadLen=5
[sim] 00:01:47 INFO  LoRaMavlink send: frameId=205 frameLen=5 fragments=1
[sim] 00:01:47 INFO  LoRa fragment: frameId=206 total=1 payloadLen=5
[sim] 00:01:47 INFO  LoRaMavlink send: frameId=206 frameLen=5 fragments=1
[sim] 00:01:47 INFO  LoRa fragment: frameId=207 total=1 payloadLen=5
[sim] 00:01:47 INFO  LoRaMavlink send: frameId=207 frameLen=5 fragments=1
[sim] 00:01:47 INFO  LoRa fragment: frameId=208 total=1 payloadLen=5
[sim] 00:01:47 INFO  LoRaMavlink send: frameId=208 frameLen=5 fragments=1
[sim] 00:01:47 INFO  LoRa fragment: frameId=209 total=1 payloadLen=5
[sim] 00:01:47 INFO  LoRaMavlink send: frameId=209 frameLen=5 fragments=1
[sim] 00:01:47 INFO  LoRa fragment: frameId=210 total=1 payloadLen=5
[sim] 00:01:47 INFO  LoRaMavlink send: frameId=210 frameLen=5 fragments=1
[sim] 00:01:47 INFO  LoRa fragment: frameId=211 total=1 payloadLen=5
[sim] 00:01:47 INFO  LoRaMavlink send: frameId=211 frameLen=5 fragments=1
[sim] 00:01:47 INFO  LoRa fragment: frameId=212 total=1 payloadLen=5
[sim] 00:01:47 INFO  LoRaMavlink send: frameId=212 frameLen=5 fragments=1
[sim] 00:01:47 INFO  LoRa fragment: frameId=213 total=1 payloadLen=5
[sim] 00:01:47 INFO  LoRaMavlink send: frameId=213 frameLen=5 fragments=1
[sim] 00:01:47 INFO  LoRa fragment: frameId=214 total=1 payloadLen=5
[sim] 00:01:47 INFO  LoRaMavlink send: frameId=214 frameLen=5 fragments=1
[sim] 00:01:47 INFO  LoRa fragment: frameId=215 total=1 payloadLen=5
[sim] 00:01:47 INFO  LoRaMavlink send: frameId=215 frameLen=5 fragments=1
[sim] 00:01:47 INFO  LoRa fragment: frameId=216 total=1 payloadLen=5
[sim] 00:01:47 INFO  LoRaMavlink send: frameId=216 frameLen=5 fragments=1
[sim] 00:01:47 INFO  LoRa fragment: frameId=217 total=1 payloadLen=5
[sim] 00:01:47 INFO  LoRaMavlink send: frameId=217 frameLen=5 fragments=1
[sim] 00:01:47 INFO  LoRa fragment: frameId=218 total=1 payloadLen=5
[sim] 00:01:47 INFO  LoRaMavlink send: frameId=218 frameLen=5 fragments=1
[sim] 00:01:47 INFO  LoRa fragment: frameId=219 total=1 payloadLen=5
[sim] 00:01:47 INFO  LoRaMavlink send: frameId=219 frameLen=5 fragments=1
[sim] 00:01:47 INFO  LoRa fragment: frameId=220 total=1 payloadLen=5
[sim] 00:01:47 INFO  LoRaMavlink send: frameId=220 frameLen=5 fragments=1
[sim] 00:01:47 INFO  LoRa fragment: frameId=221 total=1 payloadLen=5
[sim] 00:01:47 INFO  LoRaMavlink send: frameId=221 frameLen=5 fragments=1
[sim] 00:01:47 INFO  LoRa fragment: frameId=222 total=1 payloadLen=5
[sim] 00:01:47 INFO  LoRaMavlink send: frameId=222 frameLen=5 fragments=1
[sim] 00:01:47 INFO  LoRa fragment: frameId=223 total=1 payloadLen=5
[sim] 00:01:47 INFO  LoRaMavlink send: frameId=223 frameLen=5 fragments=1
[sim] 00:01:47 INFO  LoRa fragment: frameId=224 total=1 payloadLen=5
[sim] 00:01:47 INFO  LoRaMavlink send: frameId=224 frameLen=5 fragments=1
[sim] 00:01:47 INFO  LoRa fragment: frameId=225 total=1 payloadLen=5
[sim] 00:01:47 INFO  LoRaMavlink send: frameId=225 frameLen=5 fragments=1
[sim] 00:01:47 INFO  LoRa fragment: frameId=226 total=1 payloadLen=5
[sim] 00:01:47 INFO  LoRaMavlink send: frameId=226 frameLen=5 fragments=1
[sim] 00:01:47 INFO  LoRa fragment: frameId=227 total=1 payloadLen=5
[sim] 00:01:47 INFO  LoRaMavlink send: frameId=227 frameLen=5 fragments=1
[sim] 00:01:47 INFO  LoRa fragment: frameId=228 total=1 payloadLen=5
[sim] 00:01:47 INFO  LoRaMavlink send: frameId=228 frameLen=5 fragments=1
[sim] 00:01:47 INFO  LoRa fragment: frameId=229 total=1 payloadLen=5
[sim] 00:01:47 INFO  LoRaMavlink send: frameId=229 frameLen=5 fragments=1
[sim] 00:01:47 INFO  LoRa fragment: frameId=230 total=1 payloadLen=5
[sim] 00:01:47 INFO  LoRaMavlink send: frameId=230 frameLen=5 fragments=1
[sim] 00:01:47 INFO  LoRa fragment: frameId=231 total=1 payloadLen=5
[sim] 00:01:47 INFO  LoRaMavlink send: frameId=231 frameLen=5 fragments=1
[sim] 00:01:47 INFO  LoRa fragment: frameId=232 total=1 payloadLen=5
[sim] 00:01:47 INFO  LoRaMavlink send: frameId=232 frameLen=5 fragments=1
[sim] 00:01:47 INFO  LoRa fragment: frameId=233 total=1 payloadLen=5
[sim] 00:01:47 INFO  LoRaMavlink send: frameId=233 frameLen=5 fragments=1
[sim] 00:01:47 INFO  LoRa fragment: frameId=234 total=1 payloadLen=5
[sim] 00:01:47 INFO  LoRaMavlink send: frameId=234 frameLen=5 fragments=1
[sim] 00:01:47 INFO  LoRa fragment: frameId=235 total=1 payloadLen=5
[sim] 00:01:47 INFO  LoRaMavlink send: frameId=235 frameLen=5 fragments=1
[sim] 00:01:47 INFO  LoRa fragment: frameId=236 total=1 payloadLen=5
[sim] 00:01:47 INFO  LoRaMavlink send: frameId=236 frameLen=5 fragments=1
[sim] 00:01:47 INFO  LoRa fragment: frameId=237 total=1 payloadLen=5
[sim] 00:01:47 INFO  LoRaMavlink send: frameId=237 frameLen=5 fragments=1
[sim] 00:01:47 INFO  LoRa fragment: frameId=238 total=1 payloadLen=5
[sim] 00:01:47 INFO  LoRaMavlink send: frameId=238 frameLen=5 fragments=1
[sim] 00:01:47 INFO  LoRa fragment: frameId=239 total=1 payloadLen=5
[sim] 00:01:47 INFO  LoRaMavlink send: frameId=239 frameLen=5 fragments=1
[sim] 00:01:47 INFO  LoRa fragment: frameId=240 total=1 payloadLen=5
[sim] 00:01:47 INFO  LoRaMavlink send: frameId=240 frameLen=5 fragments=1
[sim] 00:01:47 INFO  LoRa fragment: frameId=241 total=1 payloadLen=5
[sim] 00:01:47 INFO  LoRaMavlink send: frameId=241 frameLen=5 fragments=1
[sim] 00:01:47 INFO  LoRa fragment: frameId=242 total=1 payloadLen=5
[sim] 00:01:47 INFO  LoRaMavlink send: frameId=242 frameLen=5 fragments=1
[sim] 00:01:47 INFO  LoRa fragment: frameId=243 total=1 payloadLen=5
[sim] 00:01:47 INFO  LoRaMavlink send: frameId=243 frameLen=5 fragments=1
[sim] 00:01:47 INFO  LoRa fragment: frameId=244 total=1 payloadLen=5
[sim] 00:01:47 INFO  LoRaMavlink send: frameId=244 frameLen=5 fragments=1
[sim] 00:01:47 INFO  LoRa fragment: frameId=245 total=1 payloadLen=5
[sim] 00:01:47 INFO  LoRaMavlink send: frameId=245 frameLen=5 fragments=1
[sim] 00:01:47 INFO  LoRa fragment: frameId=246 total=1 payloadLen=5
[sim] 00:01:47 INFO  LoRaMavlink send: frameId=246 frameLen=5 fragments=1
[sim] 00:01:47 INFO  LoRa fragment: frameId=247 total=1 payloadLen=5
[sim] 00:01:47 INFO  LoRaMavlink send: frameId=247 frameLen=5 fragments=1
[sim] 00:01:47 INFO  LoRa fragment: frameId=248 total=1 payloadLen=5
[sim] 00:01:47 INFO  LoRaMavlink send: frameId=248 frameLen=5 fragments=1
[sim] 00:01:47 INFO  LoRa fragment: frameId=249 total=1 payloadLen=5
[sim] 00:01:47 INFO  LoRaMavlink send: frameId=249 frameLen=5 fragments=1
[sim] 00:01:47 INFO  LoRa fragment: frameId=250 total=1 payloadLen=5
[sim] 00:01:47 INFO  LoRaMavlink send: frameId=250 frameLen=5 fragments=1
[sim] 00:01:47 INFO  LoRa fragment: frameId=251 total=1 payloadLen=5
[sim] 00:01:47 INFO  LoRaMavlink send: frameId=251 frameLen=5 fragments=1
[sim] 00:01:47 INFO  LoRa fragment: frameId=252 total=1 payloadLen=5
[sim] 00:01:47 INFO  LoRaMavlink send: frameId=252 frameLen=5 fragments=1
[sim] 00:01:47 INFO  LoRa fragment: frameId=253 total=1 payloadLen=5
[sim] 00:01:47 INFO  LoRaMavlink send: frameId=253 frameLen=5 fragments=1
[sim] 00:01:47 INFO  LoRa fragment: frameId=254 total=1 payloadLen=5
[sim] 00:01:47 INFO  LoRaMavlink send: frameId=254 frameLen=5 fragments=1
[sim] 00:01:47 INFO  LoRa fragment: frameId=255 total=1 payloadLen=5
[sim] 00:01:47 INFO  LoRaMavlink send: frameId=255 frameLen=5 fragments=1
[sim] 00:01:47 INFO  LoRa fragment: frameId=0 total=1 payloadLen=5
[sim] 00:01:47 INFO  LoRaMavlink send: frameId=0 frameLen=5 fragments=1
[sim] 00:01:47 INFO  LoRa fragment: frameId=0 total=1 payloadLen=10
[sim] 00:01:47 INFO  LoRaMavlink send: frameId=0 frameLen=10 fragments=1
[sim] 00:01:47 INFO  LoRa fragment: frameId=1 total=1 payloadLen=10
[sim] 00:01:47 INFO  LoRaMavlink send: frameId=1 frameLen=10 fragments=1
[sim] 00:01:47 INFO  LoRa fragment: frameId=2 total=1 payloadLen=10
[sim] 00:01:47 INFO  LoRaMavlink send: frameId=2 frameLen=10 fragments=1
[INFO] Tests run: 2, Failures: 0, Errors: 0, Skipped: 0, Time elapsed: 0.004 s -- in io.aerofleet.sim.comm.LoRaMavlinkTransportTest$FrameIdSequence
[INFO] Running io.aerofleet.sim.comm.LoRaMavlinkTransportTest$FragmentQueue
[sim] 00:01:47 INFO  LoRa fragment: frameId=0 total=3 payloadLen=100
[sim] 00:01:47 INFO  LoRaMavlink send: frameId=0 frameLen=100 fragments=3
[sim] 00:01:47 INFO  LoRa fragment: frameId=0 total=1 payloadLen=20
[sim] 00:01:47 INFO  LoRaMavlink send: frameId=0 frameLen=20 fragments=1
[sim] 00:01:47 INFO  LoRa fragment: frameId=1 total=3 payloadLen=100
[sim] 00:01:47 INFO  LoRaMavlink send: frameId=1 frameLen=100 fragments=3
[sim] 00:01:47 INFO  LoRa fragment: frameId=2 total=2 payloadLen=50
[sim] 00:01:47 INFO  LoRaMavlink send: frameId=2 frameLen=50 fragments=2
[sim] 00:01:47 INFO  LoRa fragment: frameId=0 total=3 payloadLen=100
[sim] 00:01:47 INFO  LoRaMavlink send: frameId=0 frameLen=100 fragments=3
[sim] 00:01:47 INFO  LoRa fragment: frameId=0 total=3 payloadLen=100
[sim] 00:01:47 INFO  LoRaMavlink send: frameId=0 frameLen=100 fragments=3
[INFO] Tests run: 4, Failures: 0, Errors: 0, Skipped: 0, Time elapsed: 0.003 s -- in io.aerofleet.sim.comm.LoRaMavlinkTransportTest$FragmentQueue
[INFO] Running io.aerofleet.sim.comm.LoRaMavlinkTransportTest$Interleaved
[sim] 00:01:47 INFO  LoRa fragment: frameId=0 total=1 payloadLen=30
[sim] 00:01:47 INFO  LoRaMavlink send: frameId=0 frameLen=30 fragments=1
[sim] 00:01:47 INFO  LoRa fragment: frameId=1 total=2 payloadLen=50
[sim] 00:01:47 INFO  LoRaMavlink send: frameId=1 frameLen=50 fragments=2
[sim] 00:01:47 INFO  LoRa fragment: frameId=2 total=1 payloadLen=15
[sim] 00:01:47 INFO  LoRaMavlink send: frameId=2 frameLen=15 fragments=1
[sim] 00:01:47 INFO  LoRa reassemble: frameId=0 complete, len=30
[sim] 00:01:47 INFO  LoRaMavlink receive: frameId=0 complete, len=30
[sim] 00:01:47 INFO  LoRa reassemble: frameId=1 complete, len=50
[sim] 00:01:47 INFO  LoRaMavlink receive: frameId=1 complete, len=50
[sim] 00:01:47 INFO  LoRa reassemble: frameId=2 complete, len=15
[sim] 00:01:47 INFO  LoRaMavlink receive: frameId=2 complete, len=15
[sim] 00:01:47 INFO  LoRa fragment: frameId=0 total=3 payloadLen=100
[sim] 00:01:47 INFO  LoRaMavlink send: frameId=0 frameLen=100 fragments=3
[sim] 00:01:47 INFO  LoRa fragment: frameId=1 total=2 payloadLen=60
[sim] 00:01:47 INFO  LoRaMavlink send: frameId=1 frameLen=60 fragments=2
[sim] 00:01:47 INFO  LoRa reassemble: frameId=0 complete, len=100
[sim] 00:01:47 INFO  LoRaMavlink receive: frameId=0 complete, len=100
[sim] 00:01:47 INFO  LoRa reassemble: frameId=1 complete, len=60
[sim] 00:01:47 INFO  LoRaMavlink receive: frameId=1 complete, len=60
[sim] 00:01:47 INFO  LoRa fragment: frameId=0 total=4 payloadLen=150
[sim] 00:01:47 INFO  LoRaMavlink send: frameId=0 frameLen=150 fragments=4
[sim] 00:01:47 INFO  LoRa reassemble: frameId=0 complete, len=150
[sim] 00:01:47 INFO  LoRaMavlink receive: frameId=0 complete, len=150
[INFO] Tests run: 3, Failures: 0, Errors: 0, Skipped: 0, Time elapsed: 0.001 s -- in io.aerofleet.sim.comm.LoRaMavlinkTransportTest$Interleaved
[INFO] Running io.aerofleet.sim.comm.LoRaMavlinkTransportTest$EndToEnd
[sim] 00:01:47 INFO  LoRa fragment: frameId=0 total=1 payloadLen=20
[sim] 00:01:47 INFO  LoRaMavlink send: frameId=0 frameLen=20 fragments=1
[sim] 00:01:47 INFO  LoRa reassemble: frameId=0 complete, len=20
[sim] 00:01:47 INFO  LoRaMavlink receive: frameId=0 complete, len=20
[sim] 00:01:47 INFO  LoRa fragment: frameId=0 total=1 payloadLen=47
[sim] 00:01:47 INFO  LoRaMavlink send: frameId=0 frameLen=47 fragments=1
[sim] 00:01:47 INFO  LoRa reassemble: frameId=0 complete, len=47
[sim] 00:01:47 INFO  LoRaMavlink receive: frameId=0 complete, len=47
[sim] 00:01:47 INFO  LoRa fragment: frameId=0 total=5 payloadLen=200
[sim] 00:01:47 INFO  LoRaMavlink send: frameId=0 frameLen=200 fragments=5
[sim] 00:01:47 INFO  LoRa reassemble: frameId=0 complete, len=200
[sim] 00:01:47 INFO  LoRaMavlink receive: frameId=0 complete, len=200
[sim] 00:01:47 INFO  LoRa fragment: frameId=0 total=22 payloadLen=1000
[sim] 00:01:47 INFO  LoRaMavlink send: frameId=0 frameLen=1000 fragments=22
[sim] 00:01:47 INFO  LoRa reassemble: frameId=0 complete, len=1000
[sim] 00:01:47 INFO  LoRaMavlink receive: frameId=0 complete, len=1000
[INFO] Tests run: 4, Failures: 0, Errors: 0, Skipped: 0, Time elapsed: 0.002 s -- in io.aerofleet.sim.comm.LoRaMavlinkTransportTest$EndToEnd
[INFO] Tests run: 0, Failures: 0, Errors: 0, Skipped: 0, Time elapsed: 0.030 s -- in io.aerofleet.sim.comm.LoRaMavlinkTransportTest
[INFO] Running io.aerofleet.sim.comm.LoRaTransportTest
[sim] 00:01:47 INFO  LoRa fragment: frameId=7 total=3 payloadLen=100
[sim] 00:01:47 INFO  LoRa fragment: frameId=1 total=1 payloadLen=47
[sim] 00:01:47 INFO  LoRa fragment: frameId=1 total=1 payloadLen=30
[sim] 00:01:47 INFO  LoRa fragment: frameId=10 total=3 payloadLen=120
[sim] 00:01:47 INFO  LoRa reassemble: frameId=10 complete, len=120
[sim] 00:01:47 INFO  LoRa fragment: frameId=5 total=3 payloadLen=100
[sim] 00:01:47 INFO  LoRa fragment: frameId=42 total=3 payloadLen=95
[sim] 00:01:47 INFO  LoRa reassemble: frameId=42 complete, len=95
[sim] 00:01:47 INFO  LoRa fragment: frameId=3 total=1 payloadLen=0
[sim] 00:01:47 INFO  LoRa reassemble: frameId=3 complete, len=0
[sim] 00:01:47 INFO  LoRa fragment: frameId=1 total=2 payloadLen=48
[INFO] Tests run: 13, Failures: 0, Errors: 0, Skipped: 0, Time elapsed: 0.008 s -- in io.aerofleet.sim.comm.LoRaTransportTest
[INFO] Running io.aerofleet.sim.DepthSourceTest
[INFO] Tests run: 9, Failures: 0, Errors: 0, Skipped: 0, Time elapsed: 0.013 s -- in io.aerofleet.sim.DepthSourceTest
[INFO] Running io.aerofleet.sim.DronePhysicsTest
[INFO] Tests run: 9, Failures: 0, Errors: 0, Skipped: 0, Time elapsed: 0.018 s -- in io.aerofleet.sim.DronePhysicsTest
[INFO] Running io.aerofleet.sim.edge.EdgeNodeTest
[edge] sysid=1 edge task submitted: t1 type=VIDEO_ANALYSIS
[edge] sysid=1 edge task submitted: t2 type=OBJECT_DETECT
[edge] sysid=1 edge task submitted: t3 type=SENSOR_FUSION
[edge] sysid=1 edge task submitted: t1 type=VIDEO_ANALYSIS
[edge] sysid=2 edge task submitted: t2 type=OBJECT_DETECT
[edge] sysid=2 edge task submitted: t3 type=SENSOR_FUSION
[edge] sysid=1 edge task submitted: task-1 type=VIDEO_ANALYSIS
[edge] sysid=1 edge task submitted: t1 type=VIDEO_ANALYSIS
[edge] sysid=1 edge task submitted: t1 type=OBJECT_DETECT
[edge] sysid=1 edge task submitted: t1 type=VIDEO_ANALYSIS
[edge] sysid=1 edge task submitted: t2 type=SENSOR_FUSION
[edge] sysid=1 edge task submitted: t3 type=OBJECT_DETECT
[edge] sysid=1 edge task submitted: task-1 type=VIDEO_ANALYSIS
[INFO] Tests run: 7, Failures: 0, Errors: 0, Skipped: 0, Time elapsed: 0.014 s -- in io.aerofleet.sim.edge.EdgeNodeTest
[INFO] Running io.aerofleet.sim.edge.SensorFusionEngineTest
[INFO] Tests run: 13, Failures: 0, Errors: 0, Skipped: 0, Time elapsed: 0.041 s -- in io.aerofleet.sim.edge.SensorFusionEngineTest
[INFO] Running io.aerofleet.sim.edge.VideoStreamAnalyzerTest
[INFO] Running io.aerofleet.sim.edge.VideoStreamAnalyzerTest$Robustness
[INFO] Tests run: 9, Failures: 0, Errors: 0, Skipped: 0, Time elapsed: 0.017 s -- in io.aerofleet.sim.edge.VideoStreamAnalyzerTest$Robustness
[INFO] Running io.aerofleet.sim.edge.VideoStreamAnalyzerTest$AnalyzeFrameBackwardCompat
[INFO] Tests run: 5, Failures: 0, Errors: 0, Skipped: 0, Time elapsed: 0.003 s -- in io.aerofleet.sim.edge.VideoStreamAnalyzerTest$AnalyzeFrameBackwardCompat
[INFO] Running io.aerofleet.sim.edge.VideoStreamAnalyzerTest$SceneChangeDetection
[INFO] Tests run: 4, Failures: 0, Errors: 0, Skipped: 0, Time elapsed: 0.003 s -- in io.aerofleet.sim.edge.VideoStreamAnalyzerTest$SceneChangeDetection
[INFO] Running io.aerofleet.sim.edge.VideoStreamAnalyzerTest$ObjectCounting
[INFO] Tests run: 3, Failures: 0, Errors: 0, Skipped: 0, Time elapsed: 0.001 s -- in io.aerofleet.sim.edge.VideoStreamAnalyzerTest$ObjectCounting
[INFO] Running io.aerofleet.sim.edge.VideoStreamAnalyzerTest$CentroidTracking
[INFO] Tests run: 5, Failures: 0, Errors: 0, Skipped: 0, Time elapsed: 0.002 s -- in io.aerofleet.sim.edge.VideoStreamAnalyzerTest$CentroidTracking
[INFO] Running io.aerofleet.sim.edge.VideoStreamAnalyzerTest$FrameDiffDetection
[INFO] Tests run: 5, Failures: 0, Errors: 0, Skipped: 0, Time elapsed: 0.003 s -- in io.aerofleet.sim.edge.VideoStreamAnalyzerTest$FrameDiffDetection
[INFO] Tests run: 0, Failures: 0, Errors: 0, Skipped: 0, Time elapsed: 0.056 s -- in io.aerofleet.sim.edge.VideoStreamAnalyzerTest
[INFO] Running io.aerofleet.sim.EnvAlertEngineTest
[INFO] Tests run: 7, Failures: 0, Errors: 0, Skipped: 0, Time elapsed: 0.029 s -- in io.aerofleet.sim.EnvAlertEngineTest
[INFO] Running io.aerofleet.sim.EnvironmentModelTest
[INFO] Tests run: 11, Failures: 0, Errors: 0, Skipped: 0, Time elapsed: 0.012 s -- in io.aerofleet.sim.EnvironmentModelTest
[INFO] Running io.aerofleet.sim.EnvironmentStateTest
[INFO] Tests run: 7, Failures: 0, Errors: 0, Skipped: 0, Time elapsed: 0.002 s -- in io.aerofleet.sim.EnvironmentStateTest
[INFO] Running io.aerofleet.sim.FailsafeControllerTest
[INFO] Tests run: 8, Failures: 0, Errors: 0, Skipped: 0, Time elapsed: 0.017 s -- in io.aerofleet.sim.FailsafeControllerTest
[INFO] Running io.aerofleet.sim.GeoFenceTest
[sim] 00:01:47 WARN  fence spec ignored (For input string: "abc"): abc:def
[sim] 00:01:47 WARN  fence spec ignored (need at least 3 polygon vertices): 0,0:1,1
[INFO] Tests run: 21, Failures: 0, Errors: 0, Skipped: 0, Time elapsed: 0.090 s -- in io.aerofleet.sim.GeoFenceTest
[INFO] Running io.aerofleet.sim.GeoUtilTest
[INFO] Running io.aerofleet.sim.GeoUtilTest$RoundTrip
[INFO] Tests run: 9, Failures: 0, Errors: 0, Skipped: 0, Time elapsed: 0.007 s -- in io.aerofleet.sim.GeoUtilTest$RoundTrip
[INFO] Running io.aerofleet.sim.GeoUtilTest$LatOfLonOf
[INFO] Tests run: 4, Failures: 0, Errors: 0, Skipped: 0, Time elapsed: 0.002 s -- in io.aerofleet.sim.GeoUtilTest$LatOfLonOf
[INFO] Running io.aerofleet.sim.GeoUtilTest$EastNorth
[INFO] Tests run: 9, Failures: 0, Errors: 0, Skipped: 0, Time elapsed: 0.003 s -- in io.aerofleet.sim.GeoUtilTest$EastNorth
[INFO] Running io.aerofleet.sim.GeoUtilTest$MetersPerDegLon
[INFO] Tests run: 14, Failures: 0, Errors: 0, Skipped: 0, Time elapsed: 0.008 s -- in io.aerofleet.sim.GeoUtilTest$MetersPerDegLon
[INFO] Running io.aerofleet.sim.GeoUtilTest$MetersPerDegLat
[INFO] Tests run: 2, Failures: 0, Errors: 0, Skipped: 0, Time elapsed: 0.001 s -- in io.aerofleet.sim.GeoUtilTest$MetersPerDegLat
[INFO] Tests run: 0, Failures: 0, Errors: 0, Skipped: 0, Time elapsed: 0.021 s -- in io.aerofleet.sim.GeoUtilTest
[INFO] Running io.aerofleet.sim.GripperTest
[INFO] Tests run: 12, Failures: 0, Errors: 0, Skipped: 0, Time elapsed: 0.034 s -- in io.aerofleet.sim.GripperTest
[INFO] Running io.aerofleet.sim.LedStateTest
[INFO] Tests run: 6, Failures: 0, Errors: 0, Skipped: 0, Time elapsed: 0.009 s -- in io.aerofleet.sim.LedStateTest
[INFO] Running io.aerofleet.sim.mesh.LinkQualityTest
[INFO] Tests run: 8, Failures: 0, Errors: 0, Skipped: 0, Time elapsed: 0.008 s -- in io.aerofleet.sim.mesh.LinkQualityTest
[INFO] Running io.aerofleet.sim.mesh.MeshRouterLoRaIntegrationTest
[sim] 00:01:47 INFO  LoRaTransportAdapter created: sourceId=1 channelId=30
[sim] 00:01:47 INFO  [mesh] router started: sysid=1 config=MeshRouterConfig{hello=200ms, neighborTimeout=3000ms, routeLifetime=10000ms, maxHops=15, metricW1=1.0, metricW2=0.5, metricW3=0.1, reevalThreshold=0.5, reportInterval=5000ms, meshGroup=/239.0.0.1:14550, cloudBackend=null, transport=LORA, loRa=[freq=433.0MHz, SF=7, BW=125kHz, CR=4/5, txPower=20dBm, maxPayload=30B]}
[sim] 00:01:47 INFO  LoRaTransportAdapter created: sourceId=2 channelId=30
[sim] 00:01:47 INFO  [mesh] router started: sysid=2 config=MeshRouterConfig{hello=200ms, neighborTimeout=3000ms, routeLifetime=10000ms, maxHops=15, metricW1=1.0, metricW2=0.5, metricW3=0.1, reevalThreshold=0.5, reportInterval=5000ms, meshGroup=/239.0.0.1:14550, cloudBackend=null, transport=LORA, loRa=[freq=433.0MHz, SF=7, BW=125kHz, CR=4/5, txPower=20dBm, maxPayload=30B]}
[sim] 00:01:47 INFO  LoRa fragment: frameId=0 total=1 payloadLen=36
[sim] 00:01:47 INFO  LoRaMavlink send: frameId=0 frameLen=36 fragments=1
[sim] 00:01:47 INFO  LoRa reassemble: frameId=0 complete, len=36
[sim] 00:01:47 INFO  LoRaMavlink receive: frameId=0 complete, len=36
[sim] 00:01:47 INFO  LoRa fragment: frameId=1 total=1 payloadLen=36
[sim] 00:01:47 INFO  LoRaMavlink send: frameId=1 frameLen=36 fragments=1
[sim] 00:01:47 INFO  LoRa reassemble: frameId=1 complete, len=36
[sim] 00:01:47 INFO  LoRaMavlink receive: frameId=1 complete, len=36
[sim] 00:01:47 INFO  LoRaTransportAdapter closed: sourceId=1
[sim] 00:01:47 INFO  [mesh] router closed: sysid=1
[sim] 00:01:47 INFO  LoRaTransportAdapter closed: sourceId=1
[sim] 00:01:47 INFO  LoRaTransportAdapter closed: sourceId=2
[sim] 00:01:47 INFO  [mesh] router closed: sysid=2
[sim] 00:01:47 INFO  LoRaTransportAdapter closed: sourceId=2
[sim] 00:01:47 INFO  LoRaTransportAdapter created: sourceId=1 channelId=30
[sim] 00:01:47 INFO  [mesh] router started: sysid=1 config=MeshRouterConfig{hello=200ms, neighborTimeout=3000ms, routeLifetime=10000ms, maxHops=15, metricW1=1.0, metricW2=0.5, metricW3=0.1, reevalThreshold=0.5, reportInterval=5000ms, meshGroup=/239.0.0.1:14550, cloudBackend=null, transport=LORA, loRa=[freq=433.0MHz, SF=7, BW=125kHz, CR=4/5, txPower=20dBm, maxPayload=30B]}
[sim] 00:01:47 INFO  LoRaTransportAdapter created: sourceId=2 channelId=30
[sim] 00:01:47 INFO  [mesh] router started: sysid=2 config=MeshRouterConfig{hello=200ms, neighborTimeout=3000ms, routeLifetime=10000ms, maxHops=15, metricW1=1.0, metricW2=0.5, metricW3=0.1, reevalThreshold=0.5, reportInterval=5000ms, meshGroup=/239.0.0.1:14550, cloudBackend=null, transport=LORA, loRa=[freq=433.0MHz, SF=7, BW=125kHz, CR=4/5, txPower=20dBm, maxPayload=30B]}
[sim] 00:01:47 INFO  LoRa fragment: frameId=0 total=1 payloadLen=36
[sim] 00:01:47 INFO  LoRaMavlink send: frameId=0 frameLen=36 fragments=1
[sim] 00:01:47 INFO  LoRa fragment: frameId=0 total=1 payloadLen=36
[sim] 00:01:47 INFO  LoRaMavlink send: frameId=0 frameLen=36 fragments=1
[sim] 00:01:47 INFO  LoRa reassemble: frameId=0 complete, len=36
[sim] 00:01:47 INFO  LoRaMavlink receive: frameId=0 complete, len=36
[sim] 00:01:47 INFO  LoRa reassemble: frameId=0 complete, len=36
[sim] 00:01:47 INFO  LoRaMavlink receive: frameId=0 complete, len=36
[sim] 00:01:47 INFO  LoRa fragment: frameId=1 total=1 payloadLen=16
[sim] 00:01:47 INFO  LoRaMavlink send: frameId=1 frameLen=16 fragments=1
[sim] 00:01:47 INFO  LoRa reassemble: frameId=1 complete, len=16
[sim] 00:01:47 INFO  LoRaMavlink receive: frameId=1 complete, len=16
[sim] 00:01:47 INFO  LoRaTransportAdapter closed: sourceId=1
[sim] 00:01:47 INFO  [mesh] router closed: sysid=1
[sim] 00:01:47 INFO  LoRaTransportAdapter closed: sourceId=1
[sim] 00:01:47 INFO  LoRaTransportAdapter closed: sourceId=2
[sim] 00:01:47 INFO  [mesh] router closed: sysid=2
[sim] 00:01:47 INFO  LoRaTransportAdapter closed: sourceId=2
[sim] 00:01:47 INFO  LoRaTransportAdapter created: sourceId=1 channelId=30
[sim] 00:01:47 INFO  [mesh] router started: sysid=1 config=MeshRouterConfig{hello=200ms, neighborTimeout=3000ms, routeLifetime=10000ms, maxHops=15, metricW1=1.0, metricW2=0.5, metricW3=0.1, reevalThreshold=0.5, reportInterval=5000ms, meshGroup=/239.0.0.1:14550, cloudBackend=null, transport=LORA, loRa=[freq=433.0MHz, SF=7, BW=125kHz, CR=4/5, txPower=20dBm, maxPayload=30B]}
[sim] 00:01:47 INFO  LoRaTransportAdapter created: sourceId=2 channelId=30
[sim] 00:01:47 INFO  [mesh] router started: sysid=2 config=MeshRouterConfig{hello=200ms, neighborTimeout=3000ms, routeLifetime=10000ms, maxHops=15, metricW1=1.0, metricW2=0.5, metricW3=0.1, reevalThreshold=0.5, reportInterval=5000ms, meshGroup=/239.0.0.1:14550, cloudBackend=null, transport=LORA, loRa=[freq=433.0MHz, SF=7, BW=125kHz, CR=4/5, txPower=20dBm, maxPayload=30B]}
[sim] 00:01:47 INFO  LoRa fragment: frameId=0 total=1 payloadLen=36
[sim] 00:01:47 INFO  LoRaMavlink send: frameId=0 frameLen=36 fragments=1
[sim] 00:01:47 INFO  LoRa fragment: frameId=0 total=1 payloadLen=36
[sim] 00:01:47 INFO  LoRaMavlink send: frameId=0 frameLen=36 fragments=1
[sim] 00:01:47 INFO  LoRa reassemble: frameId=0 complete, len=36
[sim] 00:01:47 INFO  LoRaMavlink receive: frameId=0 complete, len=36
[sim] 00:01:47 INFO  LoRa reassemble: frameId=0 complete, len=36
[sim] 00:01:47 INFO  LoRaMavlink receive: frameId=0 complete, len=36
[sim] 00:01:47 INFO  LoRa fragment: frameId=1 total=1 payloadLen=24
[sim] 00:01:47 INFO  LoRaMavlink send: frameId=1 frameLen=24 fragments=1
[sim] 00:01:47 INFO  LoRa reassemble: frameId=1 complete, len=24
[sim] 00:01:47 INFO  LoRaMavlink receive: frameId=1 complete, len=24
[sim] 00:01:47 INFO  [mesh] RREQ initiated: src=1 tgt=2 bcastId=1
[sim] 00:01:47 INFO  LoRa fragment: frameId=1 total=1 payloadLen=22
[sim] 00:01:47 INFO  LoRaMavlink send: frameId=1 frameLen=22 fragments=1
[sim] 00:01:47 INFO  LoRa reassemble: frameId=1 complete, len=22
[sim] 00:01:47 INFO  LoRaMavlink receive: frameId=1 complete, len=22
[sim] 00:01:47 INFO  [mesh] RREP sent back to source 1
[sim] 00:01:47 INFO  [mesh] route established to 2 via 2 metric=77.0
[sim] 00:01:47 INFO  LoRa fragment: frameId=2 total=1 payloadLen=16
[sim] 00:01:47 INFO  LoRaMavlink send: frameId=2 frameLen=16 fragments=1
[sim] 00:01:47 INFO  LoRaTransportAdapter closed: sourceId=1
[sim] 00:01:47 INFO  [mesh] router closed: sysid=1
[sim] 00:01:47 INFO  LoRa reassemble: frameId=2 complete, len=16
[sim] 00:01:47 INFO  LoRaTransportAdapter closed: sourceId=1
[sim] 00:01:47 INFO  LoRaMavlink receive: frameId=2 complete, len=16
[sim] 00:01:47 INFO  LoRa fragment: frameId=2 total=1 payloadLen=16
[sim] 00:01:47 INFO  LoRaMavlink send: frameId=2 frameLen=16 fragments=1
[sim] 00:01:47 INFO  LoRaTransportAdapter closed: sourceId=2
[sim] 00:01:47 INFO  [mesh] router closed: sysid=2
[sim] 00:01:47 INFO  LoRaTransportAdapter closed: sourceId=2
[sim] 00:01:47 INFO  LoRaTransportAdapter created: sourceId=1 channelId=30
[sim] 00:01:47 INFO  [mesh] router started: sysid=1 config=MeshRouterConfig{hello=200ms, neighborTimeout=3000ms, routeLifetime=10000ms, maxHops=15, metricW1=1.0, metricW2=0.5, metricW3=0.1, reevalThreshold=0.5, reportInterval=5000ms, meshGroup=/239.0.0.1:14550, cloudBackend=null, transport=LORA, loRa=[freq=433.0MHz, SF=7, BW=125kHz, CR=4/5, txPower=20dBm, maxPayload=30B]}
[sim] 00:01:47 INFO  LoRaTransportAdapter created: sourceId=2 channelId=30
[sim] 00:01:47 INFO  [mesh] router started: sysid=2 config=MeshRouterConfig{hello=200ms, neighborTimeout=3000ms, routeLifetime=10000ms, maxHops=15, metricW1=1.0, metricW2=0.5, metricW3=0.1, reevalThreshold=0.5, reportInterval=5000ms, meshGroup=/239.0.0.1:14550, cloudBackend=null, transport=LORA, loRa=[freq=433.0MHz, SF=7, BW=125kHz, CR=4/5, txPower=20dBm, maxPayload=30B]}
[sim] 00:01:47 INFO  LoRaTransportAdapter created: sourceId=3 channelId=30
[sim] 00:01:47 INFO  [mesh] router started: sysid=3 config=MeshRouterConfig{hello=200ms, neighborTimeout=3000ms, routeLifetime=10000ms, maxHops=15, metricW1=1.0, metricW2=0.5, metricW3=0.1, reevalThreshold=0.5, reportInterval=5000ms, meshGroup=/239.0.0.1:14550, cloudBackend=null, transport=LORA, loRa=[freq=433.0MHz, SF=7, BW=125kHz, CR=4/5, txPower=20dBm, maxPayload=30B]}
[sim] 00:01:47 INFO  LoRa fragment: frameId=0 total=1 payloadLen=36
[sim] 00:01:47 INFO  LoRaMavlink send: frameId=0 frameLen=36 fragments=1
[sim] 00:01:47 INFO  LoRa fragment: frameId=0 total=1 payloadLen=36
[sim] 00:01:47 INFO  LoRaMavlink send: frameId=0 frameLen=36 fragments=1
[sim] 00:01:47 INFO  LoRa fragment: frameId=0 total=1 payloadLen=36
[sim] 00:01:47 INFO  LoRaMavlink send: frameId=0 frameLen=36 fragments=1
[sim] 00:01:47 INFO  LoRa reassemble: frameId=0 complete, len=36
[sim] 00:01:47 INFO  LoRa reassemble: frameId=0 complete, len=36
[sim] 00:01:47 INFO  LoRa reassemble: frameId=0 complete, len=36
[sim] 00:01:47 INFO  LoRaMavlink receive: frameId=0 complete, len=36
[sim] 00:01:47 INFO  LoRaMavlink receive: frameId=0 complete, len=36
[sim] 00:01:47 INFO  LoRaMavlink receive: frameId=0 complete, len=36
[sim] 00:01:47 INFO  LoRa reassemble: frameId=0 complete, len=36
[sim] 00:01:47 INFO  LoRa reassemble: frameId=0 complete, len=36
[sim] 00:01:47 INFO  LoRaMavlink receive: frameId=0 complete, len=36
[sim] 00:01:47 INFO  LoRaMavlink receive: frameId=0 complete, len=36
[sim] 00:01:47 INFO  LoRa reassemble: frameId=0 complete, len=36
[sim] 00:01:47 INFO  LoRaMavlink receive: frameId=0 complete, len=36
[sim] 00:01:47 INFO  LoRaTransportAdapter closed: sourceId=1
[sim] 00:01:47 INFO  [mesh] router closed: sysid=1
[sim] 00:01:47 INFO  LoRaTransportAdapter closed: sourceId=1
[sim] 00:01:47 INFO  LoRaTransportAdapter closed: sourceId=2
[sim] 00:01:47 INFO  [mesh] router closed: sysid=2
[sim] 00:01:47 INFO  LoRaTransportAdapter closed: sourceId=2
[sim] 00:01:47 INFO  LoRaTransportAdapter closed: sourceId=3
[sim] 00:01:47 INFO  [mesh] router closed: sysid=3
[sim] 00:01:47 INFO  LoRaTransportAdapter closed: sourceId=3
[sim] 00:01:47 INFO  LoRaTransportAdapter created: sourceId=1 channelId=30
[sim] 00:01:47 INFO  [mesh] router started: sysid=1 config=MeshRouterConfig{hello=200ms, neighborTimeout=3000ms, routeLifetime=10000ms, maxHops=15, metricW1=1.0, metricW2=0.5, metricW3=0.1, reevalThreshold=0.5, reportInterval=5000ms, meshGroup=/239.0.0.1:14550, cloudBackend=null, transport=LORA, loRa=[freq=433.0MHz, SF=7, BW=125kHz, CR=4/5, txPower=20dBm, maxPayload=30B]}
[sim] 00:01:47 INFO  LoRaTransportAdapter created: sourceId=2 channelId=30
[sim] 00:01:47 INFO  [mesh] router started: sysid=2 config=MeshRouterConfig{hello=200ms, neighborTimeout=3000ms, routeLifetime=10000ms, maxHops=15, metricW1=1.0, metricW2=0.5, metricW3=0.1, reevalThreshold=0.5, reportInterval=5000ms, meshGroup=/239.0.0.1:14550, cloudBackend=null, transport=LORA, loRa=[freq=433.0MHz, SF=7, BW=125kHz, CR=4/5, txPower=20dBm, maxPayload=30B]}
[sim] 00:01:47 INFO  LoRa fragment: frameId=0 total=1 payloadLen=36
[sim] 00:01:47 INFO  LoRaMavlink send: frameId=0 frameLen=36 fragments=1
[sim] 00:01:47 INFO  LoRa reassemble: frameId=0 complete, len=36
[sim] 00:01:47 INFO  LoRaMavlink receive: frameId=0 complete, len=36
[sim] 00:01:47 INFO  LoRaTransportAdapter closed: sourceId=1
[sim] 00:01:47 INFO  [mesh] router closed: sysid=1
[sim] 00:01:47 INFO  LoRaTransportAdapter closed: sourceId=1
[sim] 00:01:47 INFO  LoRaTransportAdapter closed: sourceId=2
[sim] 00:01:47 INFO  [mesh] router closed: sysid=2
[sim] 00:01:47 INFO  LoRaTransportAdapter closed: sourceId=2
[sim] 00:01:47 INFO  LoRaTransportAdapter created: sourceId=1 channelId=30
[sim] 00:01:47 INFO  [mesh] router started: sysid=1 config=MeshRouterConfig{hello=200ms, neighborTimeout=3000ms, routeLifetime=10000ms, maxHops=15, metricW1=1.0, metricW2=0.5, metricW3=0.1, reevalThreshold=0.5, reportInterval=5000ms, meshGroup=/239.0.0.1:14550, cloudBackend=null, transport=LORA, loRa=[freq=433.0MHz, SF=7, BW=125kHz, CR=4/5, txPower=20dBm, maxPayload=30B]}
[sim] 00:01:47 INFO  LoRaTransportAdapter created: sourceId=2 channelId=30
[sim] 00:01:47 INFO  [mesh] router started: sysid=2 config=MeshRouterConfig{hello=200ms, neighborTimeout=3000ms, routeLifetime=10000ms, maxHops=15, metricW1=1.0, metricW2=0.5, metricW3=0.1, reevalThreshold=0.5, reportInterval=5000ms, meshGroup=/239.0.0.1:14550, cloudBackend=null, transport=LORA, loRa=[freq=433.0MHz, SF=7, BW=125kHz, CR=4/5, txPower=20dBm, maxPayload=30B]}
[sim] 00:01:47 INFO  LoRaTransportAdapter created: sourceId=3 channelId=30
[sim] 00:01:47 INFO  [mesh] router started: sysid=3 config=MeshRouterConfig{hello=200ms, neighborTimeout=3000ms, routeLifetime=10000ms, maxHops=15, metricW1=1.0, metricW2=0.5, metricW3=0.1, reevalThreshold=0.5, reportInterval=5000ms, meshGroup=/239.0.0.1:14550, cloudBackend=null, transport=LORA, loRa=[freq=433.0MHz, SF=7, BW=125kHz, CR=4/5, txPower=20dBm, maxPayload=30B]}
[sim] 00:01:47 INFO  LoRa fragment: frameId=0 total=1 payloadLen=36
[sim] 00:01:47 INFO  LoRaMavlink send: frameId=0 frameLen=36 fragments=1
[sim] 00:01:47 INFO  LoRa fragment: frameId=0 total=1 payloadLen=36
[sim] 00:01:47 INFO  LoRaMavlink send: frameId=0 frameLen=36 fragments=1
[sim] 00:01:47 INFO  LoRa fragment: frameId=0 total=1 payloadLen=36
[sim] 00:01:47 INFO  LoRaMavlink send: frameId=0 frameLen=36 fragments=1
[sim] 00:01:47 INFO  LoRa reassemble: frameId=0 complete, len=36
[sim] 00:01:47 INFO  LoRa reassemble: frameId=0 complete, len=36
[sim] 00:01:47 INFO  LoRa reassemble: frameId=0 complete, len=36
[sim] 00:01:47 INFO  LoRaMavlink receive: frameId=0 complete, len=36
[sim] 00:01:47 INFO  LoRaMavlink receive: frameId=0 complete, len=36
[sim] 00:01:47 INFO  LoRaMavlink receive: frameId=0 complete, len=36
[sim] 00:01:47 INFO  LoRa reassemble: frameId=0 complete, len=36
[sim] 00:01:47 INFO  LoRa reassemble: frameId=0 complete, len=36
[sim] 00:01:47 INFO  LoRaMavlink receive: frameId=0 complete, len=36
[sim] 00:01:47 INFO  LoRaMavlink receive: frameId=0 complete, len=36
[sim] 00:01:47 INFO  LoRa reassemble: frameId=0 complete, len=36
[sim] 00:01:47 INFO  LoRaMavlink receive: frameId=0 complete, len=36
[sim] 00:01:47 INFO  LoRa fragment: frameId=1 total=1 payloadLen=24
[sim] 00:01:47 INFO  LoRaMavlink send: frameId=1 frameLen=24 fragments=1
[sim] 00:01:47 INFO  [mesh] RREQ initiated: src=1 tgt=3 bcastId=1
[sim] 00:01:47 INFO  LoRa reassemble: frameId=1 complete, len=24
[sim] 00:01:47 INFO  LoRaMavlink receive: frameId=1 complete, len=24
[sim] 00:01:47 INFO  LoRa reassemble: frameId=1 complete, len=24
[sim] 00:01:47 INFO  LoRaMavlink receive: frameId=1 complete, len=24
[sim] 00:01:47 INFO  LoRa fragment: frameId=1 total=1 payloadLen=22
[sim] 00:01:47 INFO  LoRaMavlink send: frameId=1 frameLen=22 fragments=1
[sim] 00:01:47 INFO  [mesh] RREP sent back to source 1
[sim] 00:01:47 INFO  LoRa fragment: frameId=1 total=1 payloadLen=24
[sim] 00:01:47 INFO  LoRaMavlink send: frameId=1 frameLen=24 fragments=1
[sim] 00:01:47 INFO  LoRa reassemble: frameId=1 complete, len=22
[sim] 00:01:47 INFO  LoRaMavlink receive: frameId=1 complete, len=22
[sim] 00:01:47 INFO  LoRa reassemble: frameId=1 complete, len=24
[sim] 00:01:47 INFO  LoRa reassemble: frameId=1 complete, len=22
[sim] 00:01:47 INFO  [mesh] route established to 3 via 3 metric=77.0
[sim] 00:01:47 INFO  LoRaMavlink receive: frameId=1 complete, len=22
[sim] 00:01:47 INFO  LoRaMavlink receive: frameId=1 complete, len=24
[sim] 00:01:47 INFO  LoRa reassemble: frameId=1 complete, len=24
[sim] 00:01:47 INFO  LoRaMavlink receive: frameId=1 complete, len=24
[sim] 00:01:47 INFO  LoRa fragment: frameId=2 total=1 payloadLen=22
[sim] 00:01:47 INFO  LoRaMavlink send: frameId=2 frameLen=22 fragments=1
[sim] 00:01:47 INFO  LoRa reassemble: frameId=2 complete, len=22
[sim] 00:01:47 INFO  LoRa reassemble: frameId=2 complete, len=22
[sim] 00:01:47 INFO  LoRaMavlink receive: frameId=2 complete, len=22
[sim] 00:01:47 INFO  LoRaMavlink receive: frameId=2 complete, len=22
[sim] 00:01:47 INFO  LoRa fragment: frameId=2 total=1 payloadLen=22
[sim] 00:01:47 INFO  LoRa fragment: frameId=2 total=1 payloadLen=16
[sim] 00:01:47 INFO  LoRaMavlink send: frameId=2 frameLen=22 fragments=1
[sim] 00:01:47 INFO  LoRa reassemble: frameId=2 complete, len=22
[sim] 00:01:47 INFO  LoRaMavlink receive: frameId=2 complete, len=22
[sim] 00:01:47 INFO  LoRaMavlink send: frameId=2 frameLen=16 fragments=1
[sim] 00:01:47 INFO  LoRa fragment: frameId=3 total=1 payloadLen=22
[sim] 00:01:47 INFO  LoRaTransportAdapter closed: sourceId=1
[sim] 00:01:47 INFO  LoRa reassemble: frameId=2 complete, len=16
[sim] 00:01:47 INFO  LoRaMavlink send: frameId=3 frameLen=22 fragments=1
[sim] 00:01:47 INFO  [mesh] router closed: sysid=1
[sim] 00:01:47 INFO  LoRaMavlink receive: frameId=2 complete, len=16
[sim] 00:01:47 INFO  LoRaTransportAdapter closed: sourceId=1
[sim] 00:01:47 INFO  LoRa reassemble: frameId=2 complete, len=22
[sim] 00:01:47 INFO  LoRa reassemble: frameId=2 complete, len=16
[sim] 00:01:47 INFO  LoRa fragment: frameId=4 total=1 payloadLen=16
[sim] 00:01:47 INFO  LoRaMavlink receive: frameId=2 complete, len=16
[sim] 00:01:47 INFO  LoRaMavlink send: frameId=4 frameLen=16 fragments=1
[sim] 00:01:47 INFO  LoRa fragment: frameId=5 total=1 payloadLen=16
[sim] 00:01:47 INFO  LoRaMavlink send: frameId=5 frameLen=16 fragments=1
[sim] 00:01:47 INFO  LoRaTransportAdapter closed: sourceId=2
[sim] 00:01:47 INFO  [mesh] router closed: sysid=2
[sim] 00:01:47 INFO  LoRa reassemble: frameId=3 complete, len=22
[sim] 00:01:47 INFO  LoRaMavlink receive: frameId=2 complete, len=22
[sim] 00:01:47 INFO  LoRaMavlink receive: frameId=3 complete, len=22
[sim] 00:01:47 INFO  LoRaTransportAdapter closed: sourceId=2
[sim] 00:01:47 INFO  LoRa fragment: frameId=3 total=1 payloadLen=16
[sim] 00:01:47 INFO  LoRaMavlink send: frameId=3 frameLen=16 fragments=1
[sim] 00:01:47 INFO  LoRa reassemble: frameId=4 complete, len=16
[sim] 00:01:47 INFO  LoRaMavlink receive: frameId=4 complete, len=16
[sim] 00:01:47 INFO  LoRa fragment: frameId=4 total=1 payloadLen=16
[sim] 00:01:47 INFO  LoRaMavlink send: frameId=4 frameLen=16 fragments=1
[sim] 00:01:47 INFO  LoRa reassemble: frameId=5 complete, len=16
[sim] 00:01:47 INFO  LoRaMavlink receive: frameId=5 complete, len=16
[sim] 00:01:47 INFO  LoRaTransportAdapter closed: sourceId=3
[sim] 00:01:47 INFO  [mesh] router closed: sysid=3
[sim] 00:01:47 INFO  LoRaTransportAdapter closed: sourceId=3
[sim] 00:01:47 INFO  LoRaTransportAdapter receive loop exited: sourceId=3
[sim] 00:01:47 INFO  LoRaTransportAdapter receive loop exited: sourceId=1
[sim] 00:01:47 INFO  LoRaTransportAdapter created: sourceId=1 channelId=30
[sim] 00:01:47 INFO  [mesh] router started: sysid=1 config=MeshRouterConfig{hello=200ms, neighborTimeout=3000ms, routeLifetime=10000ms, maxHops=15, metricW1=1.0, metricW2=0.5, metricW3=0.1, reevalThreshold=0.5, reportInterval=5000ms, meshGroup=/239.0.0.1:14550, cloudBackend=null, transport=LORA, loRa=[freq=433.0MHz, SF=7, BW=125kHz, CR=4/5, txPower=20dBm, maxPayload=30B]}
[sim] 00:01:47 INFO  LoRaTransportAdapter closed: sourceId=1
[sim] 00:01:47 INFO  [mesh] router closed: sysid=1
[sim] 00:01:47 INFO  LoRaTransportAdapter closed: sourceId=1
[sim] 00:01:47 INFO  LoRaTransportAdapter created: sourceId=1 channelId=30
[sim] 00:01:47 INFO  [mesh] router started: sysid=1 config=MeshRouterConfig{hello=200ms, neighborTimeout=3000ms, routeLifetime=10000ms, maxHops=15, metricW1=1.0, metricW2=0.5, metricW3=0.1, reevalThreshold=0.5, reportInterval=5000ms, meshGroup=/239.0.0.1:14550, cloudBackend=null, transport=LORA, loRa=[freq=433.0MHz, SF=7, BW=125kHz, CR=4/5, txPower=20dBm, maxPayload=30B]}
[sim] 00:01:47 INFO  LoRaTransportAdapter created: sourceId=2 channelId=30
[sim] 00:01:47 INFO  [mesh] router started: sysid=2 config=MeshRouterConfig{hello=200ms, neighborTimeout=3000ms, routeLifetime=10000ms, maxHops=15, metricW1=1.0, metricW2=0.5, metricW3=0.1, reevalThreshold=0.5, reportInterval=5000ms, meshGroup=/239.0.0.1:14550, cloudBackend=null, transport=LORA, loRa=[freq=433.0MHz, SF=7, BW=125kHz, CR=4/5, txPower=20dBm, maxPayload=30B]}
[sim] 00:01:47 INFO  LoRaTransportAdapter closed: sourceId=1
[sim] 00:01:47 INFO  [mesh] router closed: sysid=1
[sim] 00:01:47 INFO  LoRaTransportAdapter closed: sourceId=1
[sim] 00:01:47 INFO  LoRaTransportAdapter closed: sourceId=1
[sim] 00:01:47 INFO  LoRaTransportAdapter closed: sourceId=2
[sim] 00:01:47 INFO  [mesh] router closed: sysid=2
[sim] 00:01:47 INFO  LoRaTransportAdapter closed: sourceId=2
[sim] 00:01:47 INFO  LoRaTransportAdapter created: sourceId=1 channelId=30
[sim] 00:01:47 INFO  [mesh] router started: sysid=1 config=MeshRouterConfig{hello=200ms, neighborTimeout=3000ms, routeLifetime=10000ms, maxHops=15, metricW1=1.0, metricW2=0.5, metricW3=0.1, reevalThreshold=0.5, reportInterval=5000ms, meshGroup=/239.0.0.1:14550, cloudBackend=null, transport=LORA, loRa=[freq=433.0MHz, SF=7, BW=125kHz, CR=4/5, txPower=20dBm, maxPayload=30B]}
[sim] 00:01:47 INFO  LoRaTransportAdapter created: sourceId=2 channelId=30
[sim] 00:01:47 INFO  [mesh] router started: sysid=2 config=MeshRouterConfig{hello=200ms, neighborTimeout=3000ms, routeLifetime=10000ms, maxHops=15, metricW1=1.0, metricW2=0.5, metricW3=0.1, reevalThreshold=0.5, reportInterval=5000ms, meshGroup=/239.0.0.1:14550, cloudBackend=null, transport=LORA, loRa=[freq=433.0MHz, SF=7, BW=125kHz, CR=4/5, txPower=20dBm, maxPayload=30B]}
[sim] 00:01:47 INFO  LoRa fragment: frameId=0 total=1 payloadLen=36
[sim] 00:01:47 INFO  LoRaMavlink send: frameId=0 frameLen=36 fragments=1
[sim] 00:01:47 INFO  LoRa reassemble: frameId=0 complete, len=36
[sim] 00:01:47 INFO  LoRaMavlink receive: frameId=0 complete, len=36
[sim] 00:01:47 INFO  LoRaTransportAdapter closed: sourceId=1
[sim] 00:01:47 INFO  [mesh] router closed: sysid=1
[sim] 00:01:47 INFO  LoRaTransportAdapter closed: sourceId=1
[sim] 00:01:47 INFO  LoRaTransportAdapter closed: sourceId=2
[sim] 00:01:47 INFO  [mesh] router closed: sysid=2
[sim] 00:01:47 INFO  LoRaTransportAdapter closed: sourceId=2
[sim] 00:01:47 INFO  LoRaTransportAdapter created: sourceId=1 channelId=30
[sim] 00:01:47 INFO  [mesh] router started: sysid=1 config=MeshRouterConfig{hello=200ms, neighborTimeout=3000ms, routeLifetime=10000ms, maxHops=15, metricW1=1.0, metricW2=0.5, metricW3=0.1, reevalThreshold=0.5, reportInterval=5000ms, meshGroup=/239.0.0.1:14550, cloudBackend=null, transport=LORA, loRa=[freq=433.0MHz, SF=7, BW=125kHz, CR=4/5, txPower=20dBm, maxPayload=30B]}
[sim] 00:01:47 INFO  LoRaTransportAdapter created: sourceId=2 channelId=30
[sim] 00:01:47 INFO  [mesh] router started: sysid=2 config=MeshRouterConfig{hello=200ms, neighborTimeout=3000ms, routeLifetime=10000ms, maxHops=15, metricW1=1.0, metricW2=0.5, metricW3=0.1, reevalThreshold=0.5, reportInterval=5000ms, meshGroup=/239.0.0.1:14550, cloudBackend=null, transport=LORA, loRa=[freq=433.0MHz, SF=7, BW=125kHz, CR=4/5, txPower=20dBm, maxPayload=30B]}
[sim] 00:01:47 INFO  LoRa fragment: frameId=0 total=1 payloadLen=36
[sim] 00:01:47 INFO  LoRaMavlink send: frameId=0 frameLen=36 fragments=1
[sim] 00:01:47 INFO  LoRa fragment: frameId=0 total=1 payloadLen=36
[sim] 00:01:47 INFO  LoRaMavlink send: frameId=0 frameLen=36 fragments=1
[sim] 00:01:47 INFO  LoRa reassemble: frameId=0 complete, len=36
[sim] 00:01:47 INFO  LoRa reassemble: frameId=0 complete, len=36
[sim] 00:01:47 INFO  LoRaMavlink receive: frameId=0 complete, len=36
[sim] 00:01:47 INFO  LoRaMavlink receive: frameId=0 complete, len=36
[sim] 00:01:47 INFO  LoRa fragment: frameId=1 total=1 payloadLen=24
[sim] 00:01:47 INFO  LoRaMavlink send: frameId=1 frameLen=24 fragments=1
[sim] 00:01:47 INFO  [mesh] RREQ initiated: src=1 tgt=2 bcastId=1
[sim] 00:01:47 INFO  LoRa reassemble: frameId=1 complete, len=24
[sim] 00:01:47 INFO  LoRaMavlink receive: frameId=1 complete, len=24
[sim] 00:01:47 INFO  LoRa fragment: frameId=1 total=1 payloadLen=22
[sim] 00:01:47 INFO  LoRaMavlink send: frameId=1 frameLen=22 fragments=1
[sim] 00:01:47 INFO  [mesh] RREP sent back to source 1
[sim] 00:01:47 INFO  LoRa reassemble: frameId=1 complete, len=22
[sim] 00:01:47 INFO  LoRaMavlink receive: frameId=1 complete, len=22
[sim] 00:01:47 INFO  [mesh] route established to 2 via 2 metric=77.0
[sim] 00:01:48 INFO  LoRa fragment: frameId=2 total=1 payloadLen=16
[sim] 00:01:48 INFO  LoRaMavlink send: frameId=2 frameLen=16 fragments=1
[sim] 00:01:48 INFO  LoRaTransportAdapter closed: sourceId=1
[sim] 00:01:48 INFO  [mesh] router closed: sysid=1
[sim] 00:01:48 INFO  LoRaTransportAdapter closed: sourceId=1
[sim] 00:01:48 INFO  LoRa fragment: frameId=2 total=1 payloadLen=16
[sim] 00:01:48 INFO  LoRaMavlink send: frameId=2 frameLen=16 fragments=1
[sim] 00:01:48 INFO  LoRaTransportAdapter closed: sourceId=2
[sim] 00:01:48 INFO  [mesh] router closed: sysid=2
[sim] 00:01:48 INFO  LoRaTransportAdapter closed: sourceId=2
[sim] 00:01:48 INFO  LoRa reassemble: frameId=2 complete, len=16
[sim] 00:01:48 INFO  LoRaMavlink receive: frameId=2 complete, len=16
[sim] 00:01:48 INFO  LoRaTransportAdapter receive loop exited: sourceId=2
[sim] 00:01:48 INFO  LoRaTransportAdapter created: sourceId=1 channelId=30
[sim] 00:01:48 INFO  [mesh] router started: sysid=1 config=MeshRouterConfig{hello=200ms, neighborTimeout=3000ms, routeLifetime=10000ms, maxHops=15, metricW1=1.0, metricW2=0.5, metricW3=0.1, reevalThreshold=0.5, reportInterval=5000ms, meshGroup=/239.0.0.1:14550, cloudBackend=null, transport=LORA, loRa=[freq=433.0MHz, SF=7, BW=125kHz, CR=4/5, txPower=20dBm, maxPayload=30B]}
[sim] 00:01:48 INFO  LoRaTransportAdapter created: sourceId=2 channelId=30
[sim] 00:01:48 INFO  [mesh] router started: sysid=2 config=MeshRouterConfig{hello=200ms, neighborTimeout=3000ms, routeLifetime=10000ms, maxHops=15, metricW1=1.0, metricW2=0.5, metricW3=0.1, reevalThreshold=0.5, reportInterval=5000ms, meshGroup=/239.0.0.1:14550, cloudBackend=null, transport=LORA, loRa=[freq=433.0MHz, SF=7, BW=125kHz, CR=4/5, txPower=20dBm, maxPayload=30B]}
[sim] 00:01:48 INFO  LoRa fragment: frameId=0 total=1 payloadLen=36
[sim] 00:01:48 INFO  LoRaMavlink send: frameId=0 frameLen=36 fragments=1
[sim] 00:01:48 INFO  LoRa fragment: frameId=1 total=1 payloadLen=36
[sim] 00:01:48 INFO  LoRaMavlink send: frameId=1 frameLen=36 fragments=1
[sim] 00:01:48 INFO  LoRa fragment: frameId=2 total=1 payloadLen=36
[sim] 00:01:48 INFO  LoRaMavlink send: frameId=2 frameLen=36 fragments=1
[sim] 00:01:48 INFO  LoRa fragment: frameId=3 total=1 payloadLen=36
[sim] 00:01:48 INFO  LoRaMavlink send: frameId=3 frameLen=36 fragments=1
[sim] 00:01:48 INFO  LoRa fragment: frameId=4 total=1 payloadLen=36
[sim] 00:01:48 INFO  LoRaMavlink send: frameId=4 frameLen=36 fragments=1
[sim] 00:01:48 INFO  LoRa reassemble: frameId=0 complete, len=36
[sim] 00:01:48 INFO  LoRaMavlink receive: frameId=0 complete, len=36
[sim] 00:01:48 INFO  LoRa reassemble: frameId=1 complete, len=36
[sim] 00:01:48 INFO  LoRaMavlink receive: frameId=1 complete, len=36
[sim] 00:01:48 INFO  LoRa reassemble: frameId=2 complete, len=36
[sim] 00:01:48 INFO  LoRaMavlink receive: frameId=2 complete, len=36
[sim] 00:01:48 INFO  LoRa reassemble: frameId=3 complete, len=36
[sim] 00:01:48 INFO  LoRaMavlink receive: frameId=3 complete, len=36
[sim] 00:01:48 INFO  LoRa reassemble: frameId=4 complete, len=36
[sim] 00:01:48 INFO  LoRaMavlink receive: frameId=4 complete, len=36
[sim] 00:01:48 INFO  LoRaTransportAdapter closed: sourceId=1
[sim] 00:01:48 INFO  [mesh] router closed: sysid=1
[sim] 00:01:48 INFO  LoRaTransportAdapter closed: sourceId=1
[sim] 00:01:48 INFO  LoRaTransportAdapter closed: sourceId=2
[sim] 00:01:48 INFO  [mesh] router closed: sysid=2
[sim] 00:01:48 INFO  LoRaTransportAdapter closed: sourceId=2
[sim] 00:01:48 INFO  LoRaTransportAdapter created: sourceId=10 channelId=30
[sim] 00:01:48 INFO  [mesh] router started: sysid=10 config=MeshRouterConfig{hello=200ms, neighborTimeout=3000ms, routeLifetime=10000ms, maxHops=15, metricW1=1.0, metricW2=0.5, metricW3=0.1, reevalThreshold=0.5, reportInterval=5000ms, meshGroup=/239.0.0.1:14550, cloudBackend=null, transport=LORA, loRa=[freq=433.0MHz, SF=7, BW=125kHz, CR=4/5, txPower=20dBm, maxPayload=30B]}
[sim] 00:01:48 INFO  LoRaTransportAdapter created: sourceId=20 channelId=30
[sim] 00:01:48 INFO  [mesh] router started: sysid=20 config=MeshRouterConfig{hello=200ms, neighborTimeout=3000ms, routeLifetime=10000ms, maxHops=15, metricW1=1.0, metricW2=0.5, metricW3=0.1, reevalThreshold=0.5, reportInterval=5000ms, meshGroup=/239.0.0.1:14550, cloudBackend=null, transport=LORA, loRa=[freq=433.0MHz, SF=7, BW=125kHz, CR=4/5, txPower=20dBm, maxPayload=30B]}
[sim] 00:01:48 INFO  LoRa fragment: frameId=0 total=1 payloadLen=36
[sim] 00:01:48 INFO  LoRaMavlink send: frameId=0 frameLen=36 fragments=1
[sim] 00:01:48 INFO  LoRa fragment: frameId=0 total=1 payloadLen=36
[sim] 00:01:48 INFO  LoRaMavlink send: frameId=0 frameLen=36 fragments=1
[sim] 00:01:48 INFO  LoRa reassemble: frameId=0 complete, len=36
[sim] 00:01:48 INFO  LoRaMavlink receive: frameId=0 complete, len=36
[sim] 00:01:48 INFO  LoRa reassemble: frameId=0 complete, len=36
[sim] 00:01:48 INFO  LoRaMavlink receive: frameId=0 complete, len=36
[sim] 00:01:48 INFO  LoRaTransportAdapter closed: sourceId=10
[sim] 00:01:48 INFO  [mesh] router closed: sysid=10
[sim] 00:01:48 INFO  LoRaTransportAdapter closed: sourceId=10
[sim] 00:01:48 INFO  LoRaTransportAdapter closed: sourceId=20
[sim] 00:01:48 INFO  [mesh] router closed: sysid=20
[sim] 00:01:48 INFO  LoRaTransportAdapter closed: sourceId=20
[sim] 00:01:48 INFO  LoRaTransportAdapter created: sourceId=1 channelId=30
[sim] 00:01:48 INFO  [mesh] router started: sysid=1 config=MeshRouterConfig{hello=200ms, neighborTimeout=3000ms, routeLifetime=10000ms, maxHops=15, metricW1=1.0, metricW2=0.5, metricW3=0.1, reevalThreshold=0.5, reportInterval=5000ms, meshGroup=/239.0.0.1:14550, cloudBackend=null, transport=LORA, loRa=[freq=433.0MHz, SF=7, BW=125kHz, CR=4/5, txPower=20dBm, maxPayload=30B]}
[sim] 00:01:48 INFO  LoRa fragment: frameId=0 total=1 payloadLen=36
[sim] 00:01:48 INFO  LoRaMavlink send: frameId=0 frameLen=36 fragments=1
[sim] 00:01:48 INFO  LoRa fragment: frameId=1 total=1 payloadLen=24
[sim] 00:01:48 INFO  LoRaMavlink send: frameId=1 frameLen=24 fragments=1
[sim] 00:01:48 INFO  [mesh] RREQ initiated: src=1 tgt=99 bcastId=1
[sim] 00:01:48 INFO  LoRaTransportAdapter closed: sourceId=1
[sim] 00:01:48 INFO  [mesh] router closed: sysid=1
[sim] 00:01:48 INFO  LoRaTransportAdapter closed: sourceId=1
[sim] 00:01:48 INFO  [mesh] router started: sysid=1 config=MeshRouterConfig{hello=200ms, neighborTimeout=3000ms, routeLifetime=10000ms, maxHops=15, metricW1=1.0, metricW2=0.5, metricW3=0.1, reevalThreshold=0.5, reportInterval=5000ms, meshGroup=/239.0.0.1:14550, cloudBackend=null, transport=UDP, loRa=[freq=433.0MHz, SF=7, BW=125kHz, CR=4/5, txPower=20dBm, maxPayload=50B]}
[sim] 00:01:48 INFO  [mesh] RREQ initiated: src=1 tgt=99 bcastId=1
[sim] 00:01:48 INFO  [mesh] router closed: sysid=1
[sim] 00:01:48 INFO  LoRaTransportAdapter created: sourceId=1 channelId=15
[sim] 00:01:48 INFO  [mesh] router started: sysid=1 config=MeshRouterConfig{hello=200ms, neighborTimeout=3000ms, routeLifetime=10000ms, maxHops=15, metricW1=1.0, metricW2=0.5, metricW3=0.1, reevalThreshold=0.5, reportInterval=5000ms, meshGroup=/239.0.0.1:14550, cloudBackend=null, transport=LORA, loRa=[freq=433.0MHz, SF=7, BW=125kHz, CR=4/5, txPower=20dBm, maxPayload=15B]}
[sim] 00:01:48 INFO  LoRaTransportAdapter created: sourceId=2 channelId=15
[sim] 00:01:48 INFO  [mesh] router started: sysid=2 config=MeshRouterConfig{hello=200ms, neighborTimeout=3000ms, routeLifetime=10000ms, maxHops=15, metricW1=1.0, metricW2=0.5, metricW3=0.1, reevalThreshold=0.5, reportInterval=5000ms, meshGroup=/239.0.0.1:14550, cloudBackend=null, transport=LORA, loRa=[freq=433.0MHz, SF=7, BW=125kHz, CR=4/5, txPower=20dBm, maxPayload=15B]}
[sim] 00:01:48 INFO  LoRa fragment: frameId=0 total=1 payloadLen=36
[sim] 00:01:48 INFO  LoRaMavlink send: frameId=0 frameLen=36 fragments=1
[sim] 00:01:48 INFO  LoRa reassemble: frameId=0 complete, len=36
[sim] 00:01:48 INFO  LoRaMavlink receive: frameId=0 complete, len=36
[sim] 00:01:48 INFO  LoRaTransportAdapter closed: sourceId=1
[sim] 00:01:48 INFO  [mesh] router closed: sysid=1
[sim] 00:01:48 INFO  LoRaTransportAdapter closed: sourceId=1
[sim] 00:01:48 INFO  LoRaTransportAdapter closed: sourceId=2
[sim] 00:01:48 INFO  [mesh] router closed: sysid=2
[sim] 00:01:48 INFO  LoRaTransportAdapter closed: sourceId=2
[INFO] Tests run: 15, Failures: 0, Errors: 0, Skipped: 0, Time elapsed: 0.193 s -- in io.aerofleet.sim.mesh.MeshRouterLoRaIntegrationTest
[INFO] Running io.aerofleet.sim.mesh.MeshRouterTest
[sim] 00:01:48 INFO  [mesh] router started: sysid=1 config=MeshRouterConfig{hello=1000ms, neighborTimeout=5000ms, routeLifetime=10000ms, maxHops=15, metricW1=1.0, metricW2=0.5, metricW3=0.1, reevalThreshold=0.5, reportInterval=2000ms, meshGroup=/239.0.0.1:14550, cloudBackend=null, transport=UDP, loRa=[freq=433.0MHz, SF=7, BW=125kHz, CR=4/5, txPower=20dBm, maxPayload=50B]}
[sim] 00:01:48 INFO  [mesh] router started: sysid=1 config=MeshRouterConfig{hello=1000ms, neighborTimeout=5000ms, routeLifetime=10000ms, maxHops=15, metricW1=1.0, metricW2=0.5, metricW3=0.1, reevalThreshold=0.5, reportInterval=2000ms, meshGroup=/239.0.0.1:14550, cloudBackend=null, transport=UDP, loRa=[freq=433.0MHz, SF=7, BW=125kHz, CR=4/5, txPower=20dBm, maxPayload=50B]}
[sim] 00:01:48 INFO  [mesh] router started: sysid=1 config=MeshRouterConfig{hello=1000ms, neighborTimeout=5000ms, routeLifetime=10000ms, maxHops=15, metricW1=1.0, metricW2=0.5, metricW3=0.1, reevalThreshold=0.5, reportInterval=2000ms, meshGroup=/239.0.0.1:14550, cloudBackend=null, transport=UDP, loRa=[freq=433.0MHz, SF=7, BW=125kHz, CR=4/5, txPower=20dBm, maxPayload=50B]}
[sim] 00:01:48 INFO  [mesh] router started: sysid=1 config=MeshRouterConfig{hello=1000ms, neighborTimeout=5000ms, routeLifetime=10000ms, maxHops=15, metricW1=1.0, metricW2=0.5, metricW3=0.1, reevalThreshold=0.5, reportInterval=2000ms, meshGroup=/239.0.0.1:14550, cloudBackend=null, transport=UDP, loRa=[freq=433.0MHz, SF=7, BW=125kHz, CR=4/5, txPower=20dBm, maxPayload=50B]}
[sim] 00:01:48 INFO  [mesh] router closed: sysid=1
[sim] 00:01:48 INFO  [mesh] router started: sysid=1 config=MeshRouterConfig{hello=1000ms, neighborTimeout=5000ms, routeLifetime=10000ms, maxHops=15, metricW1=1.0, metricW2=0.5, metricW3=0.1, reevalThreshold=0.5, reportInterval=2000ms, meshGroup=/239.0.0.1:14550, cloudBackend=null, transport=UDP, loRa=[freq=433.0MHz, SF=7, BW=125kHz, CR=4/5, txPower=20dBm, maxPayload=50B]}
[sim] 00:01:48 INFO  [mesh] router closed: sysid=1
[sim] 00:01:48 INFO  [mesh] router started: sysid=1 config=MeshRouterConfig{hello=1000ms, neighborTimeout=5000ms, routeLifetime=10000ms, maxHops=15, metricW1=1.0, metricW2=0.5, metricW3=0.1, reevalThreshold=0.5, reportInterval=2000ms, meshGroup=/239.0.0.1:14550, cloudBackend=null, transport=UDP, loRa=[freq=433.0MHz, SF=7, BW=125kHz, CR=4/5, txPower=20dBm, maxPayload=50B]}
[sim] 00:01:48 INFO  [mesh] router started: sysid=1 config=MeshRouterConfig{hello=1000ms, neighborTimeout=5000ms, routeLifetime=10000ms, maxHops=15, metricW1=1.0, metricW2=0.5, metricW3=0.1, reevalThreshold=0.5, reportInterval=2000ms, meshGroup=/239.0.0.1:14550, cloudBackend=null, transport=UDP, loRa=[freq=433.0MHz, SF=7, BW=125kHz, CR=4/5, txPower=20dBm, maxPayload=50B]}
[sim] 00:01:48 INFO  [mesh] RREQ initiated: src=1 tgt=99 bcastId=1
[sim] 00:01:48 INFO  [mesh] router started: sysid=1 config=MeshRouterConfig{hello=1000ms, neighborTimeout=5000ms, routeLifetime=10000ms, maxHops=15, metricW1=1.0, metricW2=0.5, metricW3=0.1, reevalThreshold=0.5, reportInterval=2000ms, meshGroup=/239.0.0.1:14550, cloudBackend=null, transport=UDP, loRa=[freq=433.0MHz, SF=7, BW=125kHz, CR=4/5, txPower=20dBm, maxPayload=50B]}
[sim] 00:01:48 INFO  [mesh] router started: sysid=1 config=MeshRouterConfig{hello=1000ms, neighborTimeout=5000ms, routeLifetime=10000ms, maxHops=15, metricW1=1.0, metricW2=0.5, metricW3=0.1, reevalThreshold=0.5, reportInterval=2000ms, meshGroup=/239.0.0.1:14550, cloudBackend=null, transport=UDP, loRa=[freq=433.0MHz, SF=7, BW=125kHz, CR=4/5, txPower=20dBm, maxPayload=50B]}
[sim] 00:01:48 INFO  [mesh] router started: sysid=1 config=MeshRouterConfig{hello=1000ms, neighborTimeout=5000ms, routeLifetime=10000ms, maxHops=15, metricW1=1.0, metricW2=0.5, metricW3=0.1, reevalThreshold=0.5, reportInterval=2000ms, meshGroup=/239.0.0.1:14550, cloudBackend=null, transport=UDP, loRa=[freq=433.0MHz, SF=7, BW=125kHz, CR=4/5, txPower=20dBm, maxPayload=50B]}
[INFO] Tests run: 13, Failures: 0, Errors: 0, Skipped: 0, Time elapsed: 0.014 s -- in io.aerofleet.sim.mesh.MeshRouterTest
[INFO] Running io.aerofleet.sim.mesh.NeighborTableTest
[INFO] Tests run: 7, Failures: 0, Errors: 0, Skipped: 0, Time elapsed: 0.003 s -- in io.aerofleet.sim.mesh.NeighborTableTest
[INFO] Running io.aerofleet.sim.mesh.RouteTableTest
[INFO] Tests run: 11, Failures: 0, Errors: 0, Skipped: 0, Time elapsed: 0.004 s -- in io.aerofleet.sim.mesh.RouteTableTest
[INFO] Running io.aerofleet.sim.mesh.RreqCacheTest
[INFO] Tests run: 6, Failures: 0, Errors: 0, Skipped: 0, Time elapsed: 0.002 s -- in io.aerofleet.sim.mesh.RreqCacheTest
[INFO] Running io.aerofleet.sim.MissionStoreTest
[INFO] Running io.aerofleet.sim.MissionStoreTest$HasMissionLogic
[INFO] Tests run: 5, Failures: 0, Errors: 0, Skipped: 0, Time elapsed: 0.001 s -- in io.aerofleet.sim.MissionStoreTest$HasMissionLogic
[INFO] Running io.aerofleet.sim.MissionStoreTest$QueryMethods
[INFO] Tests run: 6, Failures: 0, Errors: 0, Skipped: 0, Time elapsed: 0.001 s -- in io.aerofleet.sim.MissionStoreTest$QueryMethods
[INFO] Running io.aerofleet.sim.MissionStoreTest$GetBoundary
[INFO] Tests run: 5, Failures: 0, Errors: 0, Skipped: 0, Time elapsed: 0.002 s -- in io.aerofleet.sim.MissionStoreTest$GetBoundary
[INFO] Running io.aerofleet.sim.MissionStoreTest$CommitAndAbort
[INFO] Tests run: 4, Failures: 0, Errors: 0, Skipped: 0, Time elapsed: 0.001 s -- in io.aerofleet.sim.MissionStoreTest$CommitAndAbort
[INFO] Running io.aerofleet.sim.MissionStoreTest$OnItemNormalFlow
[INFO] Tests run: 3, Failures: 0, Errors: 0, Skipped: 0, Time elapsed: 0 s -- in io.aerofleet.sim.MissionStoreTest$OnItemNormalFlow
[INFO] Running io.aerofleet.sim.MissionStoreTest$OnItemDuplicateAndOutOfOrder
[INFO] Tests run: 3, Failures: 0, Errors: 0, Skipped: 0, Time elapsed: 0 s -- in io.aerofleet.sim.MissionStoreTest$OnItemDuplicateAndOutOfOrder
[INFO] Running io.aerofleet.sim.MissionStoreTest$OnItemNotUploading
[INFO] Tests run: 2, Failures: 0, Errors: 0, Skipped: 0, Time elapsed: 0 s -- in io.aerofleet.sim.MissionStoreTest$OnItemNotUploading
[INFO] Running io.aerofleet.sim.MissionStoreTest$BeginUploadBoundary
[INFO] Tests run: 7, Failures: 0, Errors: 0, Skipped: 0, Time elapsed: 0.001 s -- in io.aerofleet.sim.MissionStoreTest$BeginUploadBoundary
[INFO] Tests run: 0, Failures: 0, Errors: 0, Skipped: 0, Time elapsed: 0.012 s -- in io.aerofleet.sim.MissionStoreTest
[INFO] Running io.aerofleet.sim.MultispectralSourceTest
[INFO] Tests run: 7, Failures: 0, Errors: 0, Skipped: 0, Time elapsed: 0.031 s -- in io.aerofleet.sim.MultispectralSourceTest
[INFO] Running io.aerofleet.sim.ObstacleDetectorLiDARFusionTest
[INFO] Tests run: 3, Failures: 0, Errors: 0, Skipped: 0, Time elapsed: 0.021 s -- in io.aerofleet.sim.ObstacleDetectorLiDARFusionTest
[INFO] Running io.aerofleet.sim.ObstacleDetectorTest
[INFO] Tests run: 11, Failures: 0, Errors: 0, Skipped: 0, Time elapsed: 0.004 s -- in io.aerofleet.sim.ObstacleDetectorTest
[INFO] Running io.aerofleet.sim.orch.CoverageOptimizerTest
[INFO] Tests run: 15, Failures: 0, Errors: 0, Skipped: 0, Time elapsed: 19.34 s -- in io.aerofleet.sim.orch.CoverageOptimizerTest
[INFO] Running io.aerofleet.sim.orch.CoveragePathPlannerTest
[INFO] Tests run: 24, Failures: 0, Errors: 0, Skipped: 0, Time elapsed: 0.022 s -- in io.aerofleet.sim.orch.CoveragePathPlannerTest
[INFO] Running io.aerofleet.sim.orch.DynamicReconfiguratorTest
[INFO] Tests run: 14, Failures: 0, Errors: 0, Skipped: 0, Time elapsed: 0.025 s -- in io.aerofleet.sim.orch.DynamicReconfiguratorTest
[INFO] Running io.aerofleet.sim.orch.OrchestrationConfigTest
[INFO] Tests run: 16, Failures: 0, Errors: 0, Skipped: 0, Time elapsed: 0.012 s -- in io.aerofleet.sim.orch.OrchestrationConfigTest
[INFO] Running io.aerofleet.sim.orch.OrchestrationEngineTest
[sim] 00:02:07 INFO  Orchestration plan 7 created (scenario=0)
[sim] 00:02:07 INFO  Orchestration plan 2 created (scenario=0)
[sim] 00:02:07 INFO  Orchestration plan 5 created (scenario=0)
[sim] 00:02:07 INFO  Orchestration plan 8 created (scenario=0)
[sim] 00:02:07 INFO  Orchestration plan 3 created (scenario=0)
[sim] 00:02:07 INFO  Orchestration plan 4 created (scenario=0)
[sim] 00:02:07 INFO  Orchestration plan 1 created (scenario=0)
[sim] 00:02:07 INFO  Orchestration plan 6 created (scenario=0)
[sim] 00:02:09 INFO  Orchestration plan 9 created (scenario=0)
[sim] 00:02:09 INFO  Orchestration plan 10 created (scenario=0)
[sim] 00:02:09 INFO  Orchestration plan 11 created (scenario=0)
[sim] 00:02:09 INFO  Orchestration plan 12 created (scenario=0)
[sim] 00:02:09 INFO  Orchestration plan 13 created (scenario=0)
[sim] 00:02:09 INFO  Orchestration plan 14 created (scenario=0)
[sim] 00:02:09 INFO  Orchestration plan 15 created (scenario=0)
[sim] 00:02:09 INFO  Orchestration plan 16 created (scenario=0)
[sim] 00:02:11 INFO  Orchestration plan 17 created (scenario=0)
[sim] 00:02:11 INFO  Orchestration plan 18 created (scenario=0)
[sim] 00:02:11 INFO  Orchestration plan 19 created (scenario=0)
[sim] 00:02:11 INFO  Orchestration plan 20 created (scenario=0)
[sim] 00:02:11 INFO  Orchestration plan 21 created (scenario=0)
[sim] 00:02:11 INFO  Orchestration plan 22 created (scenario=0)
[sim] 00:02:11 INFO  Orchestration plan 23 created (scenario=0)
[sim] 00:02:11 INFO  Orchestration plan 24 created (scenario=0)
[sim] 00:02:13 INFO  Orchestration plan 25 created (scenario=0)
[sim] 00:02:13 INFO  Orchestration plan 26 created (scenario=0)
[sim] 00:02:13 INFO  Orchestration plan 27 created (scenario=0)
[sim] 00:02:13 INFO  Orchestration plan 28 created (scenario=0)
[sim] 00:02:13 INFO  Orchestration plan 29 created (scenario=0)
[sim] 00:02:13 INFO  Orchestration plan 30 created (scenario=0)
[sim] 00:02:13 INFO  Orchestration plan 31 created (scenario=0)
[sim] 00:02:13 INFO  Orchestration plan 32 created (scenario=0)
[sim] 00:02:14 INFO  Orchestration plan 33 created (scenario=0)
[sim] 00:02:15 INFO  Orchestration plan 34 created (scenario=0)
[sim] 00:02:15 INFO  Orchestration plan 35 created (scenario=0)
[sim] 00:02:15 INFO  Orchestration plan 36 created (scenario=0)
[sim] 00:02:15 INFO  Orchestration plan 37 created (scenario=0)
[sim] 00:02:15 INFO  Orchestration plan 38 created (scenario=0)
[sim] 00:02:15 INFO  Orchestration plan 39 created (scenario=0)
[sim] 00:02:15 INFO  Orchestration plan 40 created (scenario=0)
[sim] 00:02:17 INFO  Orchestration plan 1 created (scenario=0)
[sim] 00:02:18 INFO  Orchestration plan 2 created (scenario=1)
[sim] 00:02:18 INFO  Orchestration plan 1 created (scenario=0)
[sim] 00:02:19 INFO  Orchestration plan 1 created (scenario=0)
[sim] 00:02:21 WARN  Critical battery: droneId=101 battery=10
[sim] 00:02:21 INFO  Orchestration plan 1 created (scenario=0)
[sim] 00:02:22 INFO  Orchestration plan 1 created (scenario=0)
[sim] 00:02:23 WARN  Drone lost: 100
[sim] 00:02:23 INFO  Orchestration plan 1 created (scenario=2)
[sim] 00:02:26 INFO  Orchestration plan 1 created (scenario=0)
[sim] 00:02:27 INFO  Terrain changed at grid (5,10)
[sim] 00:02:27 WARN  abortOrchestration: plan 99999 not found
[sim] 00:02:27 INFO  Orchestration plan 1 created (scenario=0)
[sim] 00:02:28 INFO  Orchestration plan 1 aborted at phase ContinuousService
[sim] 00:02:28 INFO  Orchestration plan 1 created (scenario=0)
[INFO] Tests run: 18, Failures: 0, Errors: 0, Skipped: 0, Time elapsed: 22.38 s -- in io.aerofleet.sim.orch.OrchestrationEngineTest
[INFO] Running io.aerofleet.sim.orch.PrioritySchedulerTest
[INFO] Tests run: 15, Failures: 0, Errors: 0, Skipped: 0, Time elapsed: 0.042 s -- in io.aerofleet.sim.orch.PrioritySchedulerTest
[INFO] Running io.aerofleet.sim.orch.ScenarioPresetFactoryTest
[INFO] Tests run: 12, Failures: 0, Errors: 0, Skipped: 0, Time elapsed: 0.031 s -- in io.aerofleet.sim.orch.ScenarioPresetFactoryTest
[INFO] Running io.aerofleet.sim.PayloadModelTest
[INFO] Tests run: 10, Failures: 0, Errors: 0, Skipped: 0, Time elapsed: 0.002 s -- in io.aerofleet.sim.PayloadModelTest
[INFO] Running io.aerofleet.sim.PerformanceBenchmarkTest
P1-3 RouteTable.removeByNextHop (100 targets, 50 nextHops): 22190 rounds/sec (0.045 ms/round)
P1-1 MavlinkMessageInfo.isKnown: 1110261966 ops/sec (0.90 ns/op)
P2-1 CoverageOptimizer.optimize (10 drones, r=3000m): 1.69 ops/sec (591.85 ms/op, coverage=92.66%, connect=100.00%)
P1-3 RouteTable.upsert: 30073650 ops/sec (33.25 ns/op)
P1-1 MavlinkMessageInfo.crcExtraOf: 1289052933 ops/sec (0.78 ns/op)
P1-1 MavlinkMessageInfo.lengthOf: 1307143978 ops/sec (0.77 ns/op)
P1-3 RouteTable.promoteBackup: 11994219 ops/sec (83.37 ns/op)
[INFO] Tests run: 7, Failures: 0, Errors: 0, Skipped: 0, Time elapsed: 62.96 s -- in io.aerofleet.sim.PerformanceBenchmarkTest
[INFO] Running io.aerofleet.sim.RadioEnvironmentTest
[INFO] Tests run: 6, Failures: 0, Errors: 0, Skipped: 0, Time elapsed: 0.014 s -- in io.aerofleet.sim.RadioEnvironmentTest
[INFO] Running io.aerofleet.sim.satrelay.HapsRelayNodeTest
[INFO] Tests run: 9, Failures: 0, Errors: 0, Skipped: 0, Time elapsed: 0.010 s -- in io.aerofleet.sim.satrelay.HapsRelayNodeTest
[INFO] Running io.aerofleet.sim.satrelay.HierarchicalRouterTest
[sim] 00:03:33 INFO  [sat-relay] strategy switched: NEAR_FIRST -> DELAY_OPTIMAL by t1
[sim] 00:03:33 INFO  [sat-relay] strategy switched: DELAY_OPTIMAL -> BANDWIDTH_OPTIMAL by t2
[sim] 00:03:33 INFO  [sat-relay] strategy switched: BANDWIDTH_OPTIMAL -> RELIABILITY_OPTIMAL by t3
[sim] 00:03:33 INFO  [sat-relay] strategy switched: NEAR_FIRST -> DELAY_OPTIMAL by test
[INFO] Tests run: 22, Failures: 0, Errors: 0, Skipped: 0, Time elapsed: 0.125 s -- in io.aerofleet.sim.satrelay.HierarchicalRouterTest
[INFO] Running io.aerofleet.sim.satrelay.LayerNodeTest
[INFO] Tests run: 12, Failures: 0, Errors: 0, Skipped: 0, Time elapsed: 0.017 s -- in io.aerofleet.sim.satrelay.LayerNodeTest
[INFO] Running io.aerofleet.sim.satrelay.LeoConstellationTest
[INFO] Tests run: 9, Failures: 0, Errors: 0, Skipped: 0, Time elapsed: 0.002 s -- in io.aerofleet.sim.satrelay.LeoConstellationTest
[INFO] Running io.aerofleet.sim.satrelay.LinkWindowCalculatorTest
[INFO] Tests run: 7, Failures: 0, Errors: 0, Skipped: 0, Time elapsed: 0.036 s -- in io.aerofleet.sim.satrelay.LinkWindowCalculatorTest
[INFO] Running io.aerofleet.sim.satrelay.OrbitModelTest
[INFO] Tests run: 8, Failures: 0, Errors: 0, Skipped: 0, Time elapsed: 0.001 s -- in io.aerofleet.sim.satrelay.OrbitModelTest
[INFO] Running io.aerofleet.sim.satrelay.RelayLayerTest
[INFO] Tests run: 8, Failures: 0, Errors: 0, Skipped: 0, Time elapsed: 0.001 s -- in io.aerofleet.sim.satrelay.RelayLayerTest
[INFO] Running io.aerofleet.sim.satrelay.SatelliteNodeTest
[INFO] Tests run: 8, Failures: 0, Errors: 0, Skipped: 0, Time elapsed: 0.004 s -- in io.aerofleet.sim.satrelay.SatelliteNodeTest
[INFO] Running io.aerofleet.sim.satrelay.SatRelayConfigTest
[sim] 00:03:33 WARN  SatRelayConfig invalid, fallback to defaults: constellationSize must be in [10, 100], got 5
[INFO] Tests run: 17, Failures: 0, Errors: 0, Skipped: 0, Time elapsed: 0.009 s -- in io.aerofleet.sim.satrelay.SatRelayConfigTest
[INFO] Running io.aerofleet.sim.ScenarioSensorsTest
[sim] 00:03:33 INFO  scenario armed: mag-interference start=20.0s duration=40.0s param=15.0
[sim] 00:03:33 INFO  scenario armed: imu-bias start=5.0s duration=30.0s param=1.0
[sim] 00:03:33 INFO  scenario armed: baro-drift start=10.0s duration=20.0s param=0.2
[sim] 00:03:33 INFO  scenario armed: mag-interference start=15.0s duration=10.0s param=8.0
[sim] 00:03:33 INFO  scenario armed: baro-drift start=30.0s duration=60.0s param=0.5
[sim] 00:03:33 INFO  scenario armed: imu-bias start=10.0s duration=60.0s param=2.0
[sim] 00:03:33 WARN  unknown scenario kind: frobnicate
[INFO] Tests run: 5, Failures: 0, Errors: 0, Skipped: 0, Time elapsed: 0.037 s -- in io.aerofleet.sim.ScenarioSensorsTest
[INFO] Running io.aerofleet.sim.scheduling.TaskExecutorTest
[scheduling] sysid=2 task task-002 assigned
[scheduling] sysid=2 task task-002 started
[scheduling] sysid=2 task task-002 aborted
[scheduling] sysid=1 task task-001 assigned
[scheduling] sysid=1 task task-001 started
[scheduling] sysid=1 task task-001 completed
[INFO] Tests run: 2, Failures: 0, Errors: 0, Skipped: 0, Time elapsed: 0.013 s -- in io.aerofleet.sim.scheduling.TaskExecutorTest
[INFO] Running io.aerofleet.sim.SimConfigBudgetTest
[sim] 00:03:33 WARN  Invalid --budget: invalid (expected toy|standard|advanced, ignoring)
[INFO] Tests run: 10, Failures: 0, Errors: 0, Skipped: 0, Time elapsed: 0.012 s -- in io.aerofleet.sim.SimConfigBudgetTest
[INFO] Running io.aerofleet.sim.SimulatedEnvSourceTest
[sim] 00:03:33 WARN  unknown env-scenario: nonexistent, falling back to calm
[INFO] Tests run: 5, Failures: 0, Errors: 0, Skipped: 0, Time elapsed: 0.013 s -- in io.aerofleet.sim.SimulatedEnvSourceTest
[INFO] Running io.aerofleet.sim.SimulatedImuSourceTest
[INFO] Tests run: 5, Failures: 0, Errors: 0, Skipped: 0, Time elapsed: 0.025 s -- in io.aerofleet.sim.SimulatedImuSourceTest
[INFO] Running io.aerofleet.sim.SimulatedLiDARSourceTest
[INFO] Tests run: 4, Failures: 0, Errors: 0, Skipped: 0, Time elapsed: 0.020 s -- in io.aerofleet.sim.SimulatedLiDARSourceTest
[INFO] Running io.aerofleet.sim.SimulatedRadarTest
[INFO] Tests run: 8, Failures: 0, Errors: 0, Skipped: 0, Time elapsed: 0.041 s -- in io.aerofleet.sim.SimulatedRadarTest
[INFO] Running io.aerofleet.sim.SimulatedRotorAerodynamicsTest
[INFO] Tests run: 6, Failures: 0, Errors: 0, Skipped: 0, Time elapsed: 0.024 s -- in io.aerofleet.sim.SimulatedRotorAerodynamicsTest
[INFO] Running io.aerofleet.sim.SprayPumpTest
[INFO] Tests run: 9, Failures: 0, Errors: 0, Skipped: 0, Time elapsed: 0.001 s -- in io.aerofleet.sim.SprayPumpTest
[INFO] Running io.aerofleet.sim.TargetCameraTest
[sim] 00:03:33 WARN  target ignored (need kind:lat,lon[:speed]): bogus
[sim] 00:03:33 WARN  target kind unknown (vehicle|pedestrian|static): x
[INFO] Tests run: 9, Failures: 0, Errors: 0, Skipped: 0, Time elapsed: 0.068 s -- in io.aerofleet.sim.TargetCameraTest
[INFO] Running io.aerofleet.sim.terrain.EnhancedRadioEnvironmentTest
[INFO] Tests run: 8, Failures: 0, Errors: 0, Skipped: 0, Time elapsed: 0.065 s -- in io.aerofleet.sim.terrain.EnhancedRadioEnvironmentTest
[INFO] Running io.aerofleet.sim.terrain.FlightConstraintCheckerTest
[sim] 00:03:33 WARN  wind shear data unavailable, skipping wind shear check
[sim] 00:03:33 WARN  no-fly zones not loaded, skipping no-fly check
[sim] 00:03:33 WARN  no-fly zones not loaded, skipping no-fly check
[sim] 00:03:33 WARN  wind shear data unavailable, skipping wind shear check
[sim] 00:03:33 WARN  no-fly zones not loaded, skipping no-fly check
[sim] 00:03:33 WARN  wind shear data unavailable, skipping wind shear check
[sim] 00:03:33 WARN  no-fly zones not loaded, skipping no-fly check
[sim] 00:03:33 WARN  wind shear data unavailable, skipping wind shear check
[sim] 00:03:33 WARN  wind shear data unavailable, skipping wind shear check
[INFO] Tests run: 6, Failures: 0, Errors: 0, Skipped: 0, Time elapsed: 0.049 s -- in io.aerofleet.sim.terrain.FlightConstraintCheckerTest
[INFO] Running io.aerofleet.sim.terrain.TerrainChangeMonitorTest
[INFO] Tests run: 4, Failures: 0, Errors: 0, Skipped: 0, Time elapsed: 0.029 s -- in io.aerofleet.sim.terrain.TerrainChangeMonitorTest
[INFO] Running io.aerofleet.sim.terrain.TerrainClassifierTest
[INFO] Tests run: 3, Failures: 0, Errors: 0, Skipped: 0, Time elapsed: 0.028 s -- in io.aerofleet.sim.terrain.TerrainClassifierTest
[INFO] Running io.aerofleet.sim.terrain.TerrainGridTest
[INFO] Tests run: 5, Failures: 0, Errors: 0, Skipped: 0, Time elapsed: 0.001 s -- in io.aerofleet.sim.terrain.TerrainGridTest
[INFO] Running io.aerofleet.sim.terrain.TerrainTypeTest
[INFO] Tests run: 4, Failures: 0, Errors: 0, Skipped: 0, Time elapsed: 0 s -- in io.aerofleet.sim.terrain.TerrainTypeTest
[INFO] Running io.aerofleet.sim.TerrainFenceTest
[sim] 00:03:33 WARN  terrain segment ignored (need hill:north:east:radius:height): bogus
[sim] 00:03:33 WARN  terrain segment ignored (need hill:north:east:radius:height): x:y
[sim] 00:03:33 WARN  fence spec ignored (need at least 3 polygon vertices): 1,2:3
[INFO] Tests run: 8, Failures: 0, Errors: 0, Skipped: 0, Time elapsed: 0.003 s -- in io.aerofleet.sim.TerrainFenceTest
[INFO] Running io.aerofleet.sim.ThermalSourceTest
[INFO] Tests run: 7, Failures: 0, Errors: 0, Skipped: 0, Time elapsed: 0.026 s -- in io.aerofleet.sim.ThermalSourceTest
[INFO] Running io.aerofleet.sim.twin.TrajectoryPredictorTest
[INFO] Tests run: 8, Failures: 0, Errors: 0, Skipped: 0, Time elapsed: 0.013 s -- in io.aerofleet.sim.twin.TrajectoryPredictorTest
[INFO] Running io.aerofleet.sim.VirtualDroneBudgetIntegrationTest
[sim] 00:03:33 INFO  terrain: flat | fence: disabled | targets: 0
[sim] 00:03:33 INFO  Budget mode: toy (ultrasonic+opticalflow+budget-thermal, no radar/lidar)
[sim] 00:03:33 INFO  terrain: flat | fence: disabled | targets: 0
[sim] 00:03:33 INFO  Budget mode: toy (ultrasonic+opticalflow+budget-thermal, no radar/lidar)
[sim] 00:03:33 INFO  terrain: flat | fence: disabled | targets: 0
[sim] 00:03:33 INFO  Budget mode: toy (ultrasonic+opticalflow+budget-thermal, no radar/lidar)
[sim] 00:03:33 WARN  Budget mode toy: ultrasonic forced, ignoring setDepthSource
[sim] 00:03:33 INFO  terrain: flat | fence: disabled | targets: 0
[sim] 00:03:33 INFO  Budget mode: toy (ultrasonic+opticalflow+budget-thermal, no radar/lidar)
[sim] 00:03:33 INFO  terrain: flat | fence: disabled | targets: 0
[sim] 00:03:33 INFO  Budget mode: standard (ultrasonic+budget-thermal+GPS+LoRa)
[sim] 00:03:33 INFO  terrain: flat | fence: disabled | targets: 0
[sim] 00:03:33 INFO  Budget mode: toy (ultrasonic+opticalflow+budget-thermal, no radar/lidar)
[sim] 00:03:33 INFO  terrain: flat | fence: disabled | targets: 0
[sim] 00:03:33 INFO  Budget mode: toy (ultrasonic+opticalflow+budget-thermal, no radar/lidar)
[sim] 00:03:33 INFO  terrain: flat | fence: disabled | targets: 0
[sim] 00:03:33 INFO  terrain: flat | fence: disabled | targets: 0
[sim] 00:03:33 INFO  terrain: flat | fence: disabled | targets: 0
[sim] 00:03:33 INFO  Budget mode: toy (ultrasonic+opticalflow+budget-thermal, no radar/lidar)
[sim] 00:03:33 INFO  terrain: flat | fence: disabled | targets: 0
[sim] 00:03:33 INFO  Budget mode: toy (ultrasonic+opticalflow+budget-thermal, no radar/lidar)
[sim] 00:03:33 INFO  terrain: flat | fence: disabled | targets: 0
[sim] 00:03:33 INFO  Budget mode: standard (ultrasonic+budget-thermal+GPS+LoRa)
[sim] 00:03:33 INFO  terrain: flat | fence: disabled | targets: 0
[sim] 00:03:33 INFO  Budget mode: advanced (all sensors)
[sim] 00:03:33 INFO  terrain: flat | fence: disabled | targets: 0
[sim] 00:03:33 INFO  Budget mode: advanced (all sensors)
[sim] 00:03:33 INFO  terrain: flat | fence: disabled | targets: 0
[sim] 00:03:33 INFO  Budget mode: standard (ultrasonic+budget-thermal+GPS+LoRa)
[sim] 00:03:33 INFO  terrain: flat | fence: disabled | targets: 0
[sim] 00:03:33 INFO  Budget mode: standard (ultrasonic+budget-thermal+GPS+LoRa)
[sim] 00:03:33 INFO  terrain: flat | fence: disabled | targets: 0
[sim] 00:03:33 INFO  Budget mode: standard (ultrasonic+budget-thermal+GPS+LoRa)
[sim] 00:03:33 INFO  terrain: flat | fence: disabled | targets: 0
[sim] 00:03:33 INFO  Budget mode: advanced (all sensors)
[sim] 00:03:33 INFO  terrain: flat | fence: disabled | targets: 0
[sim] 00:03:33 INFO  Budget mode: standard (ultrasonic+budget-thermal+GPS+LoRa)
[sim] 00:03:33 INFO  terrain: flat | fence: disabled | targets: 0
[sim] 00:03:33 INFO  Budget mode: standard (ultrasonic+budget-thermal+GPS+LoRa)
[sim] 00:03:33 INFO  terrain: flat | fence: disabled | targets: 0
[sim] 00:03:33 INFO  Budget mode: toy (ultrasonic+opticalflow+budget-thermal, no radar/lidar)
[sim] 00:03:33 WARN  Budget mode toy: ultrasonic detector forced, ignoring setObstacleDetector
[sim] 00:03:33 INFO  terrain: flat | fence: disabled | targets: 0
[sim] 00:03:33 INFO  Budget mode: toy (ultrasonic+opticalflow+budget-thermal, no radar/lidar)
[INFO] Tests run: 22, Failures: 0, Errors: 0, Skipped: 0, Time elapsed: 0.042 s -- in io.aerofleet.sim.VirtualDroneBudgetIntegrationTest
[INFO] Running io.aerofleet.sim.VirtualDroneLifecycleTest
[sim] 00:03:33 INFO  terrain: flat | fence: disabled | targets: 0
[sim] 00:03:33 INFO  terrain: flat | fence: disabled | targets: 0
[sim] 00:03:33 INFO  terrain: flat | fence: disabled | targets: 0
[sim] 00:03:33 INFO  terrain: flat | fence: disabled | targets: 0
[sim] 00:03:33 INFO  terrain: flat | fence: disabled | targets: 0
[sim] 00:03:33 INFO  terrain: flat | fence: disabled | targets: 0
[sim] 00:03:33 INFO  terrain: flat | fence: disabled | targets: 0
[sim] 00:03:33 INFO  terrain: flat | fence: disabled | targets: 0
[sim] 00:03:33 INFO  terrain: flat | fence: disabled | targets: 0
[sim] 00:03:33 INFO  terrain: flat | fence: disabled | targets: 0
[sim] 00:03:33 INFO  terrain: flat | fence: disabled | targets: 0
[sim] 00:03:33 INFO  terrain: flat | fence: disabled | targets: 0
[sim] 00:03:33 INFO  terrain: flat | fence: disabled | targets: 0
[sim] 00:03:33 INFO  terrain: flat | fence: disabled | targets: 0
[INFO] Tests run: 14, Failures: 0, Errors: 0, Skipped: 0, Time elapsed: 0.040 s -- in io.aerofleet.sim.VirtualDroneLifecycleTest
[INFO] Running io.aerofleet.sim.VirtualDronePhysicsModelTest
[INFO] Tests run: 5, Failures: 0, Errors: 0, Skipped: 0, Time elapsed: 0.003 s -- in io.aerofleet.sim.VirtualDronePhysicsModelTest
[INFO] Running io.aerofleet.sim.WeatherTest
[INFO] Running io.aerofleet.sim.WeatherTest$OfConsistency
[INFO] Tests run: 4, Failures: 0, Errors: 0, Skipped: 0, Time elapsed: 0 s -- in io.aerofleet.sim.WeatherTest$OfConsistency
[INFO] Running io.aerofleet.sim.WeatherTest$OfKnownCode
[INFO] Tests run: 10, Failures: 0, Errors: 0, Skipped: 0, Time elapsed: 0.004 s -- in io.aerofleet.sim.WeatherTest$OfKnownCode
[INFO] Running io.aerofleet.sim.WeatherTest$OfUnknownCode
[INFO] Tests run: 13, Failures: 0, Errors: 0, Skipped: 0, Time elapsed: 0.006 s -- in io.aerofleet.sim.WeatherTest$OfUnknownCode
[INFO] Running io.aerofleet.sim.WeatherTest$ConstantMapping
[INFO] Tests run: 11, Failures: 0, Errors: 0, Skipped: 0, Time elapsed: 0.004 s -- in io.aerofleet.sim.WeatherTest$ConstantMapping
[INFO] Tests run: 0, Failures: 0, Errors: 0, Skipped: 0, Time elapsed: 0.016 s -- in io.aerofleet.sim.WeatherTest
[INFO] 
[INFO] Results:
[INFO] 
[INFO] Tests run: 955, Failures: 0, Errors: 0, Skipped: 0
[INFO] 
[INFO] 
[INFO] ----------------< io.aerofleet:aerofleet-cloud-backend >----------------
[INFO] Building AeroFleet Cloud Backend 0.1.0-SNAPSHOT                    [4/4]
[INFO]   from cloud-backend\pom.xml
[INFO] --------------------------------[ jar ]---------------------------------
[INFO] 
[INFO] --- jacoco:0.8.12:prepare-agent (prepare-agent) @ aerofleet-cloud-backend ---
[INFO] argLine set to -javaagent:E:\\dev-data\\maven\\repository\\org\\jacoco\\org.jacoco.agent\\0.8.12\\org.jacoco.agent-0.8.12-runtime.jar=destfile=F:\\Nexus\\NexusSky\\cloud-backend\\target\\jacoco.exec
[INFO] 
[INFO] --- resources:3.3.1:resources (default-resources) @ aerofleet-cloud-backend ---
[INFO] Copying 15 resources from src\main\resources to target\classes
[INFO] 
[INFO] --- compiler:3.13.0:compile (default-compile) @ aerofleet-cloud-backend ---
[INFO] Nothing to compile - all classes are up to date.
[INFO] 
[INFO] --- resources:3.3.1:testResources (default-testResources) @ aerofleet-cloud-backend ---
[INFO] Copying 1 resource from src\test\resources to target\test-classes
[INFO] 
[INFO] --- compiler:3.13.0:testCompile (default-testCompile) @ aerofleet-cloud-backend ---
[INFO] Recompiling the module because of changed source code.
[INFO] Compiling 120 source files with javac [debug parameters release 17] to target\test-classes
[INFO] /F:/Nexus/NexusSky/cloud-backend/src/test/java/io/aerofleet/cloud/telemetry/PendingAcksTest.java: F:\Nexus\NexusSky\cloud-backend\src\test\java\io\aerofleet\cloud\telemetry\PendingAcksTest.java使用或覆盖了已过时的 API。
[INFO] /F:/Nexus/NexusSky/cloud-backend/src/test/java/io/aerofleet/cloud/telemetry/PendingAcksTest.java: 有关详细信息, 请使用 -Xlint:deprecation 重新编译。
[INFO] /F:/Nexus/NexusSky/cloud-backend/src/test/java/io/aerofleet/cloud/orch/TriggerManagerTest.java: 某些输入文件使用了未经检查或不安全的操作。
[INFO] /F:/Nexus/NexusSky/cloud-backend/src/test/java/io/aerofleet/cloud/orch/TriggerManagerTest.java: 有关详细信息, 请使用 -Xlint:unchecked 重新编译。
[INFO] -------------------------------------------------------------
[ERROR] COMPILATION ERROR : 
[INFO] -------------------------------------------------------------
[ERROR] /F:/Nexus/NexusSky/cloud-backend/src/test/java/io/aerofleet/cloud/autodispatch/AutoDispatchControllerTest.java:[4,30] 找不到符号
  符号:   类 ApiExceptionHandler
  位置: 程序包 io.aerofleet.cloud.api
[ERROR] /F:/Nexus/NexusSky/cloud-backend/src/test/java/io/aerofleet/cloud/drone/DroneLockControllerTest.java:[3,30] 找不到符号
  符号:   类 ApiExceptionHandler
  位置: 程序包 io.aerofleet.cloud.api
[ERROR] /F:/Nexus/NexusSky/cloud-backend/src/test/java/io/aerofleet/cloud/geofence/GeofenceControllerTest.java:[3,30] 找不到符号
  符号:   类 ApiExceptionHandler
  位置: 程序包 io.aerofleet.cloud.api
[ERROR] /F:/Nexus/NexusSky/cloud-backend/src/test/java/io/aerofleet/cloud/health/HealthControllerTest.java:[3,30] 找不到符号
  符号:   类 ApiExceptionHandler
  位置: 程序包 io.aerofleet.cloud.api
[ERROR] /F:/Nexus/NexusSky/cloud-backend/src/test/java/io/aerofleet/cloud/health/MaintenanceControllerTest.java:[6,30] 找不到符号
  符号:   类 ApiExceptionHandler
  位置: 程序包 io.aerofleet.cloud.api
[ERROR] /F:/Nexus/NexusSky/cloud-backend/src/test/java/io/aerofleet/cloud/mission/EmergencyCommandControllerTest.java:[3,30] 找不到符号
  符号:   类 ApiExceptionHandler
  位置: 程序包 io.aerofleet.cloud.api
[ERROR] /F:/Nexus/NexusSky/cloud-backend/src/test/java/io/aerofleet/cloud/scenario/ScenarioLaunchControllerTest.java:[3,30] 找不到符号
  符号:   类 ApiExceptionHandler
  位置: 程序包 io.aerofleet.cloud.api
[ERROR] /F:/Nexus/NexusSky/cloud-backend/src/test/java/io/aerofleet/cloud/scenario/ScenarioTemplateControllerTest.java:[3,30] 找不到符号
  符号:   类 ApiExceptionHandler
  位置: 程序包 io.aerofleet.cloud.api
[ERROR] /F:/Nexus/NexusSky/cloud-backend/src/test/java/io/aerofleet/cloud/voicecmd/VoiceCommandControllerTest.java:[4,30] 找不到符号
  符号:   类 ApiExceptionHandler
  位置: 程序包 io.aerofleet.cloud.api
[ERROR] /F:/Nexus/NexusSky/cloud-backend/src/test/java/io/aerofleet/cloud/autodispatch/AutoDispatchControllerTest.java:[51,42] 找不到符号
  符号:   类 ApiExceptionHandler
  位置: 类 io.aerofleet.cloud.autodispatch.AutoDispatchControllerTest
[ERROR] /F:/Nexus/NexusSky/cloud-backend/src/test/java/io/aerofleet/cloud/commadapt/CommSituationControllerTest.java:[44,64] 程序包io.aerofleet.cloud.api.ApiExceptionHandler不存在
[ERROR] /F:/Nexus/NexusSky/cloud-backend/src/test/java/io/aerofleet/cloud/commadapt/CommSituationControllerTest.java:[53,64] 程序包io.aerofleet.cloud.api.ApiExceptionHandler不存在
[ERROR] /F:/Nexus/NexusSky/cloud-backend/src/test/java/io/aerofleet/cloud/commadapt/CommSituationControllerTest.java:[108,64] 程序包io.aerofleet.cloud.api.ApiExceptionHandler不存在
[ERROR] /F:/Nexus/NexusSky/cloud-backend/src/test/java/io/aerofleet/cloud/commadapt/CommSituationControllerTest.java:[143,64] 程序包io.aerofleet.cloud.api.ApiExceptionHandler不存在
[ERROR] /F:/Nexus/NexusSky/cloud-backend/src/test/java/io/aerofleet/cloud/commadapt/CommSituationControllerTest.java:[150,64] 程序包io.aerofleet.cloud.api.ApiExceptionHandler不存在
[ERROR] /F:/Nexus/NexusSky/cloud-backend/src/test/java/io/aerofleet/cloud/delivery2/DeliveryController2Test.java:[163,73] 程序包io.aerofleet.cloud.api.ApiExceptionHandler不存在
[ERROR] /F:/Nexus/NexusSky/cloud-backend/src/test/java/io/aerofleet/cloud/delivery2/DeliveryController2Test.java:[259,73] 程序包io.aerofleet.cloud.api.ApiExceptionHandler不存在
[ERROR] /F:/Nexus/NexusSky/cloud-backend/src/test/java/io/aerofleet/cloud/delivery2/DeliveryController2Test.java:[313,73] 程序包io.aerofleet.cloud.api.ApiExceptionHandler不存在
[ERROR] /F:/Nexus/NexusSky/cloud-backend/src/test/java/io/aerofleet/cloud/drone/DroneLockControllerTest.java:[43,42] 找不到符号
  符号:   类 ApiExceptionHandler
  位置: 类 io.aerofleet.cloud.drone.DroneLockControllerTest
[ERROR] /F:/Nexus/NexusSky/cloud-backend/src/test/java/io/aerofleet/cloud/geofence/GeofenceControllerTest.java:[46,42] 找不到符号
  符号:   类 ApiExceptionHandler
  位置: 类 io.aerofleet.cloud.geofence.GeofenceControllerTest
[ERROR] /F:/Nexus/NexusSky/cloud-backend/src/test/java/io/aerofleet/cloud/health/HealthControllerTest.java:[36,42] 找不到符号
  符号:   类 ApiExceptionHandler
  位置: 类 io.aerofleet.cloud.health.HealthControllerTest
[ERROR] /F:/Nexus/NexusSky/cloud-backend/src/test/java/io/aerofleet/cloud/health/MaintenanceControllerTest.java:[45,42] 找不到符号
  符号:   类 ApiExceptionHandler
  位置: 类 io.aerofleet.cloud.health.MaintenanceControllerTest
[ERROR] /F:/Nexus/NexusSky/cloud-backend/src/test/java/io/aerofleet/cloud/mission/EmergencyCommandControllerTest.java:[42,42] 找不到符号
  符号:   类 ApiExceptionHandler
  位置: 类 io.aerofleet.cloud.mission.EmergencyCommandControllerTest
[ERROR] /F:/Nexus/NexusSky/cloud-backend/src/test/java/io/aerofleet/cloud/scenario/ScenarioLaunchControllerTest.java:[43,42] 找不到符号
  符号:   类 ApiExceptionHandler
  位置: 类 io.aerofleet.cloud.scenario.ScenarioLaunchControllerTest
[ERROR] /F:/Nexus/NexusSky/cloud-backend/src/test/java/io/aerofleet/cloud/scenario/ScenarioTemplateControllerTest.java:[34,42] 找不到符号
  符号:   类 ApiExceptionHandler
  位置: 类 io.aerofleet.cloud.scenario.ScenarioTemplateControllerTest
[ERROR] /F:/Nexus/NexusSky/cloud-backend/src/test/java/io/aerofleet/cloud/tracking/TrackingControllerTest.java:[53,73] 程序包io.aerofleet.cloud.api.ApiExceptionHandler不存在
[ERROR] /F:/Nexus/NexusSky/cloud-backend/src/test/java/io/aerofleet/cloud/tracking/TrackingControllerTest.java:[166,73] 程序包io.aerofleet.cloud.api.ApiExceptionHandler不存在
[ERROR] /F:/Nexus/NexusSky/cloud-backend/src/test/java/io/aerofleet/cloud/tracking/TrackingControllerTest.java:[243,73] 程序包io.aerofleet.cloud.api.ApiExceptionHandler不存在
[ERROR] /F:/Nexus/NexusSky/cloud-backend/src/test/java/io/aerofleet/cloud/voicecmd/VoiceCommandControllerTest.java:[53,42] 找不到符号
  符号:   类 ApiExceptionHandler
  位置: 类 io.aerofleet.cloud.voicecmd.VoiceCommandControllerTest
[INFO] 29 errors 
[INFO] -------------------------------------------------------------
[INFO] ------------------------------------------------------------------------
[INFO] Reactor Summary for AeroFleet 0.1.0-SNAPSHOT:
[INFO] 
[INFO] AeroFleet .......................................... SUCCESS [  0.008 s]
[INFO] AeroFleet MAVLink Core ............................. SUCCESS [  2.889 s]
[INFO] AeroFleet Drone Simulator .......................... SUCCESS [01:50 min]
[INFO] AeroFleet Cloud Backend ............................ FAILURE [ 15.491 s]
[INFO] ------------------------------------------------------------------------
[INFO] BUILD FAILURE
[INFO] ------------------------------------------------------------------------
[INFO] Total time:  02:09 min
[INFO] Finished at: 2026-09-23T00:03:49+08:00
[INFO] ------------------------------------------------------------------------
[ERROR] Failed to execute goal org.apache.maven.plugins:maven-compiler-plugin:3.13.0:testCompile (default-testCompile) on project aerofleet-cloud-backend: Compilation failure: Compilation failure: 
[ERROR] /F:/Nexus/NexusSky/cloud-backend/src/test/java/io/aerofleet/cloud/autodispatch/AutoDispatchControllerTest.java:[4,30] 找不到符号
[ERROR]   符号:   类 ApiExceptionHandler
[ERROR]   位置: 程序包 io.aerofleet.cloud.api
[ERROR] /F:/Nexus/NexusSky/cloud-backend/src/test/java/io/aerofleet/cloud/drone/DroneLockControllerTest.java:[3,30] 找不到符号
[ERROR]   符号:   类 ApiExceptionHandler
[ERROR]   位置: 程序包 io.aerofleet.cloud.api
[ERROR] /F:/Nexus/NexusSky/cloud-backend/src/test/java/io/aerofleet/cloud/geofence/GeofenceControllerTest.java:[3,30] 找不到符号
[ERROR]   符号:   类 ApiExceptionHandler
[ERROR]   位置: 程序包 io.aerofleet.cloud.api
[ERROR] /F:/Nexus/NexusSky/cloud-backend/src/test/java/io/aerofleet/cloud/health/HealthControllerTest.java:[3,30] 找不到符号
[ERROR]   符号:   类 ApiExceptionHandler
[ERROR]   位置: 程序包 io.aerofleet.cloud.api
[ERROR] /F:/Nexus/NexusSky/cloud-backend/src/test/java/io/aerofleet/cloud/health/MaintenanceControllerTest.java:[6,30] 找不到符号
[ERROR]   符号:   类 ApiExceptionHandler
[ERROR]   位置: 程序包 io.aerofleet.cloud.api
[ERROR] /F:/Nexus/NexusSky/cloud-backend/src/test/java/io/aerofleet/cloud/mission/EmergencyCommandControllerTest.java:[3,30] 找不到符号
[ERROR]   符号:   类 ApiExceptionHandler
[ERROR]   位置: 程序包 io.aerofleet.cloud.api
[ERROR] /F:/Nexus/NexusSky/cloud-backend/src/test/java/io/aerofleet/cloud/scenario/ScenarioLaunchControllerTest.java:[3,30] 找不到符号
[ERROR]   符号:   类 ApiExceptionHandler
[ERROR]   位置: 程序包 io.aerofleet.cloud.api
[ERROR] /F:/Nexus/NexusSky/cloud-backend/src/test/java/io/aerofleet/cloud/scenario/ScenarioTemplateControllerTest.java:[3,30] 找不到符号
[ERROR]   符号:   类 ApiExceptionHandler
[ERROR]   位置: 程序包 io.aerofleet.cloud.api
[ERROR] /F:/Nexus/NexusSky/cloud-backend/src/test/java/io/aerofleet/cloud/voicecmd/VoiceCommandControllerTest.java:[4,30] 找不到符号
[ERROR]   符号:   类 ApiExceptionHandler
[ERROR]   位置: 程序包 io.aerofleet.cloud.api
[ERROR] /F:/Nexus/NexusSky/cloud-backend/src/test/java/io/aerofleet/cloud/autodispatch/AutoDispatchControllerTest.java:[51,42] 找不到符号
[ERROR]   符号:   类 ApiExceptionHandler
[ERROR]   位置: 类 io.aerofleet.cloud.autodispatch.AutoDispatchControllerTest
[ERROR] /F:/Nexus/NexusSky/cloud-backend/src/test/java/io/aerofleet/cloud/commadapt/CommSituationControllerTest.java:[44,64] 程序包io.aerofleet.cloud.api.ApiExceptionHandler不存在
[ERROR] /F:/Nexus/NexusSky/cloud-backend/src/test/java/io/aerofleet/cloud/commadapt/CommSituationControllerTest.java:[53,64] 程序包io.aerofleet.cloud.api.ApiExceptionHandler不存在
[ERROR] /F:/Nexus/NexusSky/cloud-backend/src/test/java/io/aerofleet/cloud/commadapt/CommSituationControllerTest.java:[108,64] 程序包io.aerofleet.cloud.api.ApiExceptionHandler不存在
[ERROR] /F:/Nexus/NexusSky/cloud-backend/src/test/java/io/aerofleet/cloud/commadapt/CommSituationControllerTest.java:[143,64] 程序包io.aerofleet.cloud.api.ApiExceptionHandler不存在
[ERROR] /F:/Nexus/NexusSky/cloud-backend/src/test/java/io/aerofleet/cloud/commadapt/CommSituationControllerTest.java:[150,64] 程序包io.aerofleet.cloud.api.ApiExceptionHandler不存在
[ERROR] /F:/Nexus/NexusSky/cloud-backend/src/test/java/io/aerofleet/cloud/delivery2/DeliveryController2Test.java:[163,73] 程序包io.aerofleet.cloud.api.ApiExceptionHandler不存在
[ERROR] /F:/Nexus/NexusSky/cloud-backend/src/test/java/io/aerofleet/cloud/delivery2/DeliveryController2Test.java:[259,73] 程序包io.aerofleet.cloud.api.ApiExceptionHandler不存在
[ERROR] /F:/Nexus/NexusSky/cloud-backend/src/test/java/io/aerofleet/cloud/delivery2/DeliveryController2Test.java:[313,73] 程序包io.aerofleet.cloud.api.ApiExceptionHandler不存在
[ERROR] /F:/Nexus/NexusSky/cloud-backend/src/test/java/io/aerofleet/cloud/drone/DroneLockControllerTest.java:[43,42] 找不到符号
[ERROR]   符号:   类 ApiExceptionHandler
[ERROR]   位置: 类 io.aerofleet.cloud.drone.DroneLockControllerTest
[ERROR] /F:/Nexus/NexusSky/cloud-backend/src/test/java/io/aerofleet/cloud/geofence/GeofenceControllerTest.java:[46,42] 找不到符号
[ERROR]   符号:   类 ApiExceptionHandler
[ERROR]   位置: 类 io.aerofleet.cloud.geofence.GeofenceControllerTest
[ERROR] /F:/Nexus/NexusSky/cloud-backend/src/test/java/io/aerofleet/cloud/health/HealthControllerTest.java:[36,42] 找不到符号
[ERROR]   符号:   类 ApiExceptionHandler
[ERROR]   位置: 类 io.aerofleet.cloud.health.HealthControllerTest
[ERROR] /F:/Nexus/NexusSky/cloud-backend/src/test/java/io/aerofleet/cloud/health/MaintenanceControllerTest.java:[45,42] 找不到符号
[ERROR]   符号:   类 ApiExceptionHandler
[ERROR]   位置: 类 io.aerofleet.cloud.health.MaintenanceControllerTest
[ERROR] /F:/Nexus/NexusSky/cloud-backend/src/test/java/io/aerofleet/cloud/mission/EmergencyCommandControllerTest.java:[42,42] 找不到符号
[ERROR]   符号:   类 ApiExceptionHandler
[ERROR]   位置: 类 io.aerofleet.cloud.mission.EmergencyCommandControllerTest
[ERROR] /F:/Nexus/NexusSky/cloud-backend/src/test/java/io/aerofleet/cloud/scenario/ScenarioLaunchControllerTest.java:[43,42] 找不到符号
[ERROR]   符号:   类 ApiExceptionHandler
[ERROR]   位置: 类 io.aerofleet.cloud.scenario.ScenarioLaunchControllerTest
[ERROR] /F:/Nexus/NexusSky/cloud-backend/src/test/java/io/aerofleet/cloud/scenario/ScenarioTemplateControllerTest.java:[34,42] 找不到符号
[ERROR]   符号:   类 ApiExceptionHandler
[ERROR]   位置: 类 io.aerofleet.cloud.scenario.ScenarioTemplateControllerTest
[ERROR] /F:/Nexus/NexusSky/cloud-backend/src/test/java/io/aerofleet/cloud/tracking/TrackingControllerTest.java:[53,73] 程序包io.aerofleet.cloud.api.ApiExceptionHandler不存在
[ERROR] /F:/Nexus/NexusSky/cloud-backend/src/test/java/io/aerofleet/cloud/tracking/TrackingControllerTest.java:[166,73] 程序包io.aerofleet.cloud.api.ApiExceptionHandler不存在
[ERROR] /F:/Nexus/NexusSky/cloud-backend/src/test/java/io/aerofleet/cloud/tracking/TrackingControllerTest.java:[243,73] 程序包io.aerofleet.cloud.api.ApiExceptionHandler不存在
[ERROR] /F:/Nexus/NexusSky/cloud-backend/src/test/java/io/aerofleet/cloud/voicecmd/VoiceCommandControllerTest.java:[53,42] 找不到符号
[ERROR]   符号:   类 ApiExceptionHandler
[ERROR]   位置: 类 io.aerofleet.cloud.voicecmd.VoiceCommandControllerTest
[ERROR] -> [Help 1]
[ERROR] 
[ERROR] To see the full stack trace of the errors, re-run Maven with the -e switch.
[ERROR] Re-run Maven using the -X switch to enable full debug logging.
[ERROR] 
[ERROR] For more information about the errors and possible solutions, please read the following articles:
[ERROR] [Help 1] http://cwiki.apache.org/confluence/display/MAVEN/MojoFailureException
[ERROR] 
[ERROR] After correcting the problems, you can resume the build with the command
[ERROR]   mvn <args> -rf :aerofleet-cloud-backend
